
SQL*Plus: Release 10.2.0.5.0 - Production on Tue Sep 30 18:20:40 2014

Copyright (c) 1982, 2010, Oracle.  All Rights Reserved.


Connected to:
Oracle Database 10g Enterprise Edition Release 10.2.0.5.0 - 64bit Production
With the Partitioning, Oracle Label Security, OLAP, Data Mining Scoring Engine
and Real Application Testing options

SQL> 
User dropped.

SQL> 
User created.

SQL> 
Grant succeeded.

SQL> 
Grant succeeded.

SQL> 
Grant succeeded.

SQL> Disconnected from Oracle Database 10g Enterprise Edition Release 10.2.0.5.0 - 64bit Production
With the Partitioning, Oracle Label Security, OLAP, Data Mining Scoring Engine
and Real Application Testing options

SQL*Plus: Release 10.2.0.5.0 - Production on Tue Sep 30 18:20:55 2014

Copyright (c) 1982, 2010, Oracle.  All Rights Reserved.


Connected to:
Oracle Database 10g Enterprise Edition Release 10.2.0.5.0 - 64bit Production
With the Partitioning, Oracle Label Security, OLAP, Data Mining Scoring Engine
and Real Application Testing options

SQL> drop user test_rat cascade
*
ERROR at line 1:
ORA-01940: cannot drop a user that is currently connected


SQL> create user test_rat identified by test_rat default tablespace users
            *
ERROR at line 1:
ORA-01920: user name 'TEST_RAT' conflicts with another user or role name


SQL> 
Grant succeeded.

SQL> 
Grant succeeded.

SQL> 
Grant succeeded.

SQL> Disconnected from Oracle Database 10g Enterprise Edition Release 10.2.0.5.0 - 64bit Production
With the Partitioning, Oracle Label Security, OLAP, Data Mining Scoring Engine
and Real Application Testing options

SQL*Plus: Release 10.2.0.5.0 - Production on Tue Sep 30 18:20:57 2014

Copyright (c) 1982, 2010, Oracle.  All Rights Reserved.


Connected to:
Oracle Database 10g Enterprise Edition Release 10.2.0.5.0 - 64bit Production
With the Partitioning, Oracle Label Security, OLAP, Data Mining Scoring Engine
and Real Application Testing options

SQL> drop user test_rat cascade
*
ERROR at line 1:
ORA-01940: cannot drop a user that is currently connected


SQL> create user test_rat identified by test_rat default tablespace users
            *
ERROR at line 1:
ORA-01920: user name 'TEST_RAT' conflicts with another user or role name


SQL> 
Grant succeeded.

SQL> 
Grant succeeded.

SQL> 
Grant succeeded.

SQL> Disconnected from Oracle Database 10g Enterprise Edition Release 10.2.0.5.0 - 64bit Production
With the Partitioning, Oracle Label Security, OLAP, Data Mining Scoring Engine
and Real Application Testing options

SQL*Plus: Release 10.2.0.5.0 - Production on Tue Sep 30 18:21:06 2014

Copyright (c) 1982, 2010, Oracle.  All Rights Reserved.


Connected to:
Oracle Database 10g Enterprise Edition Release 10.2.0.5.0 - 64bit Production
With the Partitioning, Oracle Label Security, OLAP, Data Mining Scoring Engine
and Real Application Testing options

SQL> drop user test_rat cascade
*
ERROR at line 1:
ORA-01940: cannot drop a user that is currently connected


SQL> create user test_rat identified by test_rat default tablespace users
            *
ERROR at line 1:
ORA-01920: user name 'TEST_RAT' conflicts with another user or role name


SQL> 
Grant succeeded.

SQL> 
Grant succeeded.

SQL> 
Grant succeeded.

SQL> Disconnected from Oracle Database 10g Enterprise Edition Release 10.2.0.5.0 - 64bit Production
With the Partitioning, Oracle Label Security, OLAP, Data Mining Scoring Engine
and Real Application Testing options

SQL*Plus: Release 10.2.0.5.0 - Production on Tue Sep 30 18:21:17 2014

Copyright (c) 1982, 2010, Oracle.  All Rights Reserved.


Connected to:
Oracle Database 10g Enterprise Edition Release 10.2.0.5.0 - 64bit Production
With the Partitioning, Oracle Label Security, OLAP, Data Mining Scoring Engine
and Real Application Testing options

SQL> drop user test_rat cascade
*
ERROR at line 1:
ORA-01940: cannot drop a user that is currently connected


SQL> create user test_rat identified by test_rat default tablespace users
            *
ERROR at line 1:
ORA-01920: user name 'TEST_RAT' conflicts with another user or role name


SQL> 
Grant succeeded.

SQL> 
Grant succeeded.

SQL> 
Grant succeeded.

SQL> Disconnected from Oracle Database 10g Enterprise Edition Release 10.2.0.5.0 - 64bit Production
With the Partitioning, Oracle Label Security, OLAP, Data Mining Scoring Engine
and Real Application Testing options

SQL*Plus: Release 10.2.0.5.0 - Production on Tue Sep 30 18:21:23 2014

Copyright (c) 1982, 2010, Oracle.  All Rights Reserved.


Connected to:
Oracle Database 10g Enterprise Edition Release 10.2.0.5.0 - 64bit Production
With the Partitioning, Oracle Label Security, OLAP, Data Mining Scoring Engine
and Real Application Testing options

SQL> drop user test_rat cascade
*
ERROR at line 1:
ORA-01940: cannot drop a user that is currently connected


SQL> create user test_rat identified by test_rat default tablespace users
            *
ERROR at line 1:
ORA-01920: user name 'TEST_RAT' conflicts with another user or role name


SQL> 
Grant succeeded.

SQL> 
Grant succeeded.

SQL> 
Grant succeeded.

SQL> Disconnected from Oracle Database 10g Enterprise Edition Release 10.2.0.5.0 - 64bit Production
With the Partitioning, Oracle Label Security, OLAP, Data Mining Scoring Engine
and Real Application Testing options

SQL*Plus: Release 10.2.0.5.0 - Production on Tue Sep 30 18:21:43 2014

Copyright (c) 1982, 2010, Oracle.  All Rights Reserved.


Connected to:
Oracle Database 10g Enterprise Edition Release 10.2.0.5.0 - 64bit Production
With the Partitioning, Oracle Label Security, OLAP, Data Mining Scoring Engine
and Real Application Testing options

SQL> drop user test_rat cascade
*
ERROR at line 1:
ORA-01940: cannot drop a user that is currently connected


SQL> create user test_rat identified by test_rat default tablespace users
            *
ERROR at line 1:
ORA-01920: user name 'TEST_RAT' conflicts with another user or role name


SQL> 
Grant succeeded.

SQL> 
Grant succeeded.

SQL> 
Grant succeeded.

SQL> Disconnected from Oracle Database 10g Enterprise Edition Release 10.2.0.5.0 - 64bit Production
With the Partitioning, Oracle Label Security, OLAP, Data Mining Scoring Engine
and Real Application Testing options

SQL*Plus: Release 10.2.0.5.0 - Production on Tue Sep 30 18:21:50 2014

Copyright (c) 1982, 2010, Oracle.  All Rights Reserved.


Connected to:
Oracle Database 10g Enterprise Edition Release 10.2.0.5.0 - 64bit Production
With the Partitioning, Oracle Label Security, OLAP, Data Mining Scoring Engine
and Real Application Testing options

SQL> drop user test_rat cascade
*
ERROR at line 1:
ORA-01940: cannot drop a user that is currently connected


SQL> create user test_rat identified by test_rat default tablespace users
            *
ERROR at line 1:
ORA-01920: user name 'TEST_RAT' conflicts with another user or role name


SQL> 
Grant succeeded.

SQL> 
Grant succeeded.

SQL> 
Grant succeeded.

SQL> Disconnected from Oracle Database 10g Enterprise Edition Release 10.2.0.5.0 - 64bit Production
With the Partitioning, Oracle Label Security, OLAP, Data Mining Scoring Engine
and Real Application Testing options

SQL*Plus: Release 10.2.0.5.0 - Production on Tue Sep 30 18:22:01 2014

Copyright (c) 1982, 2010, Oracle.  All Rights Reserved.


Connected to:
Oracle Database 10g Enterprise Edition Release 10.2.0.5.0 - 64bit Production
With the Partitioning, Oracle Label Security, OLAP, Data Mining Scoring Engine
and Real Application Testing options

SQL> drop user test_rat cascade
*
ERROR at line 1:
ORA-01940: cannot drop a user that is currently connected


SQL> create user test_rat identified by test_rat default tablespace users
            *
ERROR at line 1:
ORA-01920: user name 'TEST_RAT' conflicts with another user or role name


SQL> 
Grant succeeded.

SQL> 
Grant succeeded.

SQL> 
Grant succeeded.

SQL> Disconnected from Oracle Database 10g Enterprise Edition Release 10.2.0.5.0 - 64bit Production
With the Partitioning, Oracle Label Security, OLAP, Data Mining Scoring Engine
and Real Application Testing options
