
SQL*Plus: Release 10.2.0.5.0 - Production on Tue Sep 30 18:20:44 2014

Copyright (c) 1982, 2010, Oracle.  All Rights Reserved.


Connected to:
Oracle Database 10g Enterprise Edition Release 10.2.0.5.0 - 64bit Production
With the Partitioning, Oracle Label Security, OLAP, Data Mining Scoring Engine
and Real Application Testing options

SQL> SQL> SQL> 
SQL*Plus: Release 10.2.0.5.0 - Production on Tue Sep 30 18:20:55 2014

Copyright (c) 1982, 2010, Oracle.  All Rights Reserved.


Connected to:
Oracle Database 10g Enterprise Edition Release 10.2.0.5.0 - 64bit Production
With the Partitioning, Oracle Label Security, OLAP, Data Mining Scoring Engine
and Real Application Testing options

SQL> SQL> SQL> 
PL/SQL procedure successfully completed.

SQL> drop table orasup_t3_579815000
           *
ERROR at line 1:
ORA-00942: table or view does not exist


SQL> 
SQL*Plus: Release 10.2.0.5.0 - Production on Tue Sep 30 18:21:05 2014

Copyright (c) 1982, 2010, Oracle.  All Rights Reserved.


Connected to:
Oracle Database 10g Enterprise Edition Release 10.2.0.5.0 - 64bit Production
With the Partitioning, Oracle Label Security, OLAP, Data Mining Scoring Engine
and Real Application Testing options

SQL> SQL> SQL> 
PL/SQL procedure successfully completed.

SQL> drop table orasup_t3_679896000
           *
ERROR at line 1:
ORA-00942: table or view does not exist


SQL> 
SQL*Plus: Release 10.2.0.5.0 - Production on Tue Sep 30 18:21:10 2014

Copyright (c) 1982, 2010, Oracle.  All Rights Reserved.


Connected to:
Oracle Database 10g Enterprise Edition Release 10.2.0.5.0 - 64bit Production
With the Partitioning, Oracle Label Security, OLAP, Data Mining Scoring Engine
and Real Application Testing options

SQL> SQL> SQL> 
Table created.

SQL> 
PL/SQL procedure successfully completed.

SQL> drop table orasup_t3_196138000
           *
ERROR at line 1:
ORA-00942: table or view does not exist


SQL> 

45800 rows created.

SQL> Table created.

SQL> 
SQL*Plus: Release 10.2.0.5.0 - Production on Tue Sep 30 18:21:21 2014

Copyright (c) 1982, 2010, Oracle.  All Rights Reserved.


Connected to:
Oracle Database 10g Enterprise Edition Release 10.2.0.5.0 - 64bit Production
With the Partitioning, Oracle Label Security, OLAP, Data Mining Scoring Engine
and Real Application Testing options

SQL> SQL> SQL> 
PL/SQL procedure successfully completed.

SQL> drop table orasup_t3_838504000
           *
ERROR at line 1:
ORA-00942: table or view does not exist


SQL> 
91600 rows created.

SQL> 
45800 rows created.

SQL> 
Table created.

SQL> 
SQL*Plus: Release 10.2.0.5.0 - Production on Tue Sep 30 18:21:30 2014

Copyright (c) 1982, 2010, Oracle.  All Rights Reserved.


Connected to:
Oracle Database 10g Enterprise Edition Release 10.2.0.5.0 - 64bit Production
With the Partitioning, Oracle Label Security, OLAP, Data Mining Scoring Engine
and Real Application Testing options

SQL> SQL> SQL> 
PL/SQL procedure successfully completed.

SQL> drop table orasup_t3_929745000
           *
ERROR at line 1:
ORA-00942: table or view does not exist


SQL> 
91600 rows created.

SQL> 
PL/SQL procedure successfully completed.

SQL> drop table orasup_t3_303154000
           *
ERROR at line 1:
ORA-00942: table or view does not exist


SQL> 
SQL*Plus: Release 10.2.0.5.0 - Production on Tue Sep 30 18:21:48 2014

Copyright (c) 1982, 2010, Oracle.  All Rights Reserved.


Connected to:
Oracle Database 10g Enterprise Edition Release 10.2.0.5.0 - 64bit Production
With the Partitioning, Oracle Label Security, OLAP, Data Mining Scoring Engine
and Real Application Testing options

SQL> SQL> SQL> 
Table created.

SQL> 
183200 rows created.

SQL> 
45803 rows created.

SQL> 
SQL*Plus: Release 10.2.0.5.0 - Production on Tue Sep 30 18:21:56 2014

Copyright (c) 1982, 2010, Oracle.  All Rights Reserved.


Connected to:
Oracle Database 10g Enterprise Edition Release 10.2.0.5.0 - 64bit Production
With the Partitioning, Oracle Label Security, OLAP, Data Mining Scoring Engine
and Real Application Testing options

SQL> SQL> SQL> 
Table created.

SQL> 
PL/SQL procedure successfully completed.

SQL> drop table orasup_t3_694718000
           *
ERROR at line 1:
ORA-00942: table or view does not exist


SQL> 
SQL*Plus: Release 10.2.0.5.0 - Production on Tue Sep 30 18:22:08 2014

Copyright (c) 1982, 2010, Oracle.  All Rights Reserved.


Connected to:
Oracle Database 10g Enterprise Edition Release 10.2.0.5.0 - 64bit Production
With the Partitioning, Oracle Label Security, OLAP, Data Mining Scoring Engine
and Real Application Testing options

SQL> SQL> SQL> insert into orasup_t3_196138000 select * from orasup_t3_196138000
            *
ERROR at line 1:
ORA-01653: unable to extend table TEST_RAT.ORASUP_T3_196138000 by 128 in
tablespace USERS


SQL> 
PL/SQL procedure successfully completed.

SQL> 
183200 rows created.

SQL> drop table orasup_t3_246665000
           *
ERROR at line 1:
ORA-00942: table or view does not exist


SQL> 
45806 rows created.

SQL> insert into orasup_t3_579815000 select * from orasup_t3_579815000
*
ERROR at line 1:
ORA-01653: unable to extend table TEST_RAT.ORASUP_T3_579815000 by 128 in
tablespace USERS


SQL> 
0 rows deleted.

SQL> insert into orasup_t3_929745000 select * from orasup_t3_929745000
            *
ERROR at line 1:
ORA-01653: unable to extend table TEST_RAT.ORASUP_T3_929745000 by 128 in
tablespace USERS


SQL> insert into orasup_t3_838504000 select * from orasup_t3_838504000
            *
ERROR at line 1:
ORA-01653: unable to extend table TEST_RAT.ORASUP_T3_838504000 by 128 in
tablespace USERS


SQL> create table orasup_t3_303154000 as select * from dba_objects
                                                  *
ERROR at line 1:
ORA-01652: unable to extend temp segment by 128 in tablespace USERS


SQL> insert into orasup_t3_303154000 select * from orasup_t3_303154000
                                              *
ERROR at line 1:
ORA-00942: table or view does not exist


SQL> insert into orasup_t3_303154000 select * from orasup_t3_303154000
                                              *
ERROR at line 1:
ORA-00942: table or view does not exist


SQL> insert into orasup_t3_303154000 select * from orasup_t3_303154000
                                              *
ERROR at line 1:
ORA-00942: table or view does not exist


SQL> insert into orasup_t3_303154000 select * from orasup_t3_303154000
                                              *
ERROR at line 1:
ORA-00942: table or view does not exist


SQL> delete from orasup_t3_303154000 where rownum<=((select count(*) from orasup_t3_303154000)-500000)
            *
ERROR at line 1:
ORA-00942: table or view does not exist


SQL> 
Commit complete.

SQL> insert into orasup_t3_303154000 select * from orasup_t3_303154000 where rownum<=round(DBMS_RANDOM.value(0,400000),0)
                                              *
ERROR at line 1:
ORA-00942: table or view does not exist


SQL> 
Rollback complete.

SQL> delete from orasup_t3_303154000 where rownum<=round(DBMS_RANDOM.value(0,400000),0)
            *
ERROR at line 1:
ORA-00942: table or view does not exist


SQL> 
Rollback complete.

SQL> update orasup_t3_303154000 set object_id=1 where rownum<=round(DBMS_RANDOM.value(0,400000),0)
       *
ERROR at line 1:
ORA-00942: table or view does not exist


SQL> 
Rollback complete.

SQL> update orasup_t3_303154000 set object_id=rownum
       *
ERROR at line 1:
ORA-00942: table or view does not exist


SQL> 
Commit complete.

SQL> create index idx_t3 on orasup_t3_303154000(object_id)
                       *
ERROR at line 1:
ORA-00942: table or view does not exist


SQL> SQL> 
PL/SQL procedure successfully completed.

SQL> select object_id from orasup_t3_303154000 where object_id=:v_obj_id
                      *
ERROR at line 1:
ORA-00942: table or view does not exist


SQL> 
PL/SQL procedure successfully completed.

SQL> select object_id from orasup_t3_303154000 where object_id=:v_obj_id
                      *
ERROR at line 1:
ORA-00942: table or view does not exist


SQL> 
PL/SQL procedure successfully completed.

SQL> select object_id from orasup_t3_303154000 where object_id=:v_obj_id
                      *
ERROR at line 1:
ORA-00942: table or view does not exist


SQL> 
PL/SQL procedure successfully completed.

SQL> select object_id from orasup_t3_303154000 where object_id=:v_obj_id
                      *
ERROR at line 1:
ORA-00942: table or view does not exist


SQL> SQL> SQL> SQL>   2    3    4    5    6    7    8    9   10   11   12   13   14   15  update orasup_t3_303154000 set object_id=object_id+round(DBMS_RANDOM.value(0,100),0) where object_id=:v_obj_id;
       *
ERROR at line 8:
ORA-06550: line 8, column 8:
PL/SQL: ORA-00942: table or view does not exist
ORA-06550: line 8, column 1:
PL/SQL: SQL Statement ignored


SQL> SQL> SQL> SQL> Disconnected from Oracle Database 10g Enterprise Edition Release 10.2.0.5.0 - 64bit Production
With the Partitioning, Oracle Label Security, OLAP, Data Mining Scoring Engine
and Real Application Testing options

PL/SQL procedure successfully completed.

SQL> drop table orasup_t3_175154000
           *
ERROR at line 1:
ORA-00942: table or view does not exist


SQL> 
Commit complete.

SQL> insert into orasup_t3_196138000 select * from orasup_t3_196138000
*
ERROR at line 1:
ORA-01653: unable to extend table TEST_RAT.ORASUP_T3_196138000 by 128 in
tablespace USERS


SQL> 
SQL*Plus: Release 10.2.0.5.0 - Production on Tue Sep 30 18:22:21 2014

Copyright (c) 1982, 2010, Oracle.  All Rights Reserved.


Connected to:
Oracle Database 10g Enterprise Edition Release 10.2.0.5.0 - 64bit Production
With the Partitioning, Oracle Label Security, OLAP, Data Mining Scoring Engine
and Real Application Testing options

SQL> SQL> SQL> insert into orasup_t3_579815000 select * from orasup_t3_579815000 where rownum<=round(DBMS_RANDOM.value(0,400000),0)
            *
ERROR at line 1:
ORA-01653: unable to extend table TEST_RAT.ORASUP_T3_579815000 by 128 in
tablespace USERS


SQL> 
Rollback complete.

SQL> insert into orasup_t3_838504000 select * from orasup_t3_838504000
*
ERROR at line 1:
ORA-01653: unable to extend table TEST_RAT.ORASUP_T3_838504000 by 128 in
tablespace USERS


SQL> insert into orasup_t3_196138000 select * from orasup_t3_196138000
*
ERROR at line 1:
ORA-01653: unable to extend table TEST_RAT.ORASUP_T3_196138000 by 128 in
tablespace USERS


SQL> insert into orasup_t3_929745000 select * from orasup_t3_929745000
            *
ERROR at line 1:
ORA-01653: unable to extend table TEST_RAT.ORASUP_T3_929745000 by 128 in
tablespace USERS


SQL> insert into orasup_t3_679896000 select * from orasup_t3_679896000
*
ERROR at line 1:
ORA-01653: unable to extend table TEST_RAT.ORASUP_T3_679896000 by 128 in
tablespace USERS


SQL> 
0 rows deleted.

SQL> 
0 rows deleted.

SQL> 
Commit complete.

SQL> insert into orasup_t3_838504000 select * from orasup_t3_838504000
*
ERROR at line 1:
ORA-01653: unable to extend table TEST_RAT.ORASUP_T3_838504000 by 128 in
tablespace USERS


SQL> 
0 rows deleted.

SQL> 
PL/SQL procedure successfully completed.

SQL> 
Commit complete.

SQL> 
Commit complete.

SQL> insert into orasup_t3_929745000 select * from orasup_t3_929745000
*
ERROR at line 1:
ORA-01653: unable to extend table TEST_RAT.ORASUP_T3_929745000 by 128 in
tablespace USERS


SQL> drop table orasup_t3_303154000
           *
ERROR at line 1:
ORA-00942: table or view does not exist


SQL> insert into orasup_t3_838504000 select * from orasup_t3_838504000 where rownum<=round(DBMS_RANDOM.value(0,400000),0)
            *
ERROR at line 1:
ORA-01653: unable to extend table TEST_RAT.ORASUP_T3_838504000 by 128 in
tablespace USERS


SQL> 
Rollback complete.

SQL> 
3340 rows deleted.

SQL> 
Rollback complete.

SQL> insert into orasup_t3_196138000 select * from orasup_t3_196138000 where rownum<=round(DBMS_RANDOM.value(0,400000),0)
            *
ERROR at line 1:
ORA-01653: unable to extend table TEST_RAT.ORASUP_T3_196138000 by 128 in
tablespace USERS


SQL> 
Rollback complete.

SQL> insert into orasup_t3_679896000 select * from orasup_t3_679896000 where rownum<=round(DBMS_RANDOM.value(0,400000),0)
            *
ERROR at line 1:
ORA-01653: unable to extend table TEST_RAT.ORASUP_T3_679896000 by 128 in
tablespace USERS


SQL> 
Rollback complete.

SQL> create table orasup_t3_303154000 as select * from dba_objects
                                                  *
ERROR at line 1:
ORA-01652: unable to extend temp segment by 8 in tablespace USERS


SQL> insert into orasup_t3_929745000 select * from orasup_t3_929745000
*
ERROR at line 1:
ORA-01653: unable to extend table TEST_RAT.ORASUP_T3_929745000 by 128 in
tablespace USERS


SQL> insert into orasup_t3_303154000 select * from orasup_t3_303154000
                                              *
ERROR at line 1:
ORA-00942: table or view does not exist


SQL> insert into orasup_t3_303154000 select * from orasup_t3_303154000
                                              *
ERROR at line 1:
ORA-00942: table or view does not exist


SQL> insert into orasup_t3_303154000 select * from orasup_t3_303154000
                                              *
ERROR at line 1:
ORA-00942: table or view does not exist


SQL> insert into orasup_t3_303154000 select * from orasup_t3_303154000
                                              *
ERROR at line 1:
ORA-00942: table or view does not exist


SQL> delete from orasup_t3_303154000 where rownum<=((select count(*) from orasup_t3_303154000)-500000)
            *
ERROR at line 1:
ORA-00942: table or view does not exist


SQL> 
Commit complete.

SQL> insert into orasup_t3_303154000 select * from orasup_t3_303154000 where rownum<=round(DBMS_RANDOM.value(0,400000),0)
                                              *
ERROR at line 1:
ORA-00942: table or view does not exist


SQL> 
Rollback complete.

SQL> delete from orasup_t3_303154000 where rownum<=round(DBMS_RANDOM.value(0,400000),0)
            *
ERROR at line 1:
ORA-00942: table or view does not exist


SQL> 
Rollback complete.

SQL> update orasup_t3_303154000 set object_id=1 where rownum<=round(DBMS_RANDOM.value(0,400000),0)
       *
ERROR at line 1:
ORA-00942: table or view does not exist


SQL> 
Rollback complete.

SQL> update orasup_t3_303154000 set object_id=rownum
       *
ERROR at line 1:
ORA-00942: table or view does not exist


SQL> 
Commit complete.

SQL> create index idx_t3 on orasup_t3_303154000(object_id)
                       *
ERROR at line 1:
ORA-00942: table or view does not exist


SQL> SQL> 
PL/SQL procedure successfully completed.

SQL> select object_id from orasup_t3_303154000 where object_id=:v_obj_id
                      *
ERROR at line 1:
ORA-00942: table or view does not exist


SQL> 
PL/SQL procedure successfully completed.

SQL> select object_id from orasup_t3_303154000 where object_id=:v_obj_id
                      *
ERROR at line 1:
ORA-00942: table or view does not exist


SQL> 
PL/SQL procedure successfully completed.

SQL> select object_id from orasup_t3_303154000 where object_id=:v_obj_id
                      *
ERROR at line 1:
ORA-00942: table or view does not exist


SQL> 
PL/SQL procedure successfully completed.

SQL> select object_id from orasup_t3_303154000 where object_id=:v_obj_id
                      *
ERROR at line 1:
ORA-00942: table or view does not exist


SQL> SQL> SQL> SQL>   2    3    4    5    6    7    8    9   10   11   12   13   14   15  update orasup_t3_303154000 set object_id=object_id+round(DBMS_RANDOM.value(0,100),0) where object_id=:v_obj_id;
       *
ERROR at line 8:
ORA-06550: line 8, column 8:
PL/SQL: ORA-00942: table or view does not exist
ORA-06550: line 8, column 1:
PL/SQL: SQL Statement ignored


SQL> SQL> SQL> SQL> Disconnected from Oracle Database 10g Enterprise Edition Release 10.2.0.5.0 - 64bit Production
With the Partitioning, Oracle Label Security, OLAP, Data Mining Scoring Engine
and Real Application Testing options

SQL*Plus: Release 10.2.0.5.0 - Production on Tue Sep 30 18:22:55 2014

Copyright (c) 1982, 2010, Oracle.  All Rights Reserved.


Connected to:
Oracle Database 10g Enterprise Edition Release 10.2.0.5.0 - 64bit Production
With the Partitioning, Oracle Label Security, OLAP, Data Mining Scoring Engine
and Real Application Testing options

SQL> SQL> SQL> 
0 rows deleted.

SQL> 
Commit complete.

SQL> create table orasup_t3_246665000 as select * from dba_objects
                                                  *
ERROR at line 1:
ORA-01652: unable to extend temp segment by 8 in tablespace USERS


SQL> create table orasup_t3_694718000 as select * from dba_objects
                                                  *
ERROR at line 1:
ORA-01652: unable to extend temp segment by 8 in tablespace USERS


SQL> insert into orasup_t3_246665000 select * from orasup_t3_246665000
                                              *
ERROR at line 1:
ORA-00942: table or view does not exist


SQL> insert into orasup_t3_694718000 select * from orasup_t3_694718000
                                              *
ERROR at line 1:
ORA-00942: table or view does not exist


SQL> insert into orasup_t3_246665000 select * from orasup_t3_246665000
                                              *
ERROR at line 1:
ORA-00942: table or view does not exist


SQL> insert into orasup_t3_694718000 select * from orasup_t3_694718000
                                              *
ERROR at line 1:
ORA-00942: table or view does not exist


SQL> insert into orasup_t3_246665000 select * from orasup_t3_246665000
                                              *
ERROR at line 1:
ORA-00942: table or view does not exist


SQL> insert into orasup_t3_694718000 select * from orasup_t3_694718000
                                              *
ERROR at line 1:
ORA-00942: table or view does not exist


SQL> insert into orasup_t3_246665000 select * from orasup_t3_246665000
                                              *
ERROR at line 1:
ORA-00942: table or view does not exist


SQL> insert into orasup_t3_694718000 select * from orasup_t3_694718000
                                              *
ERROR at line 1:
ORA-00942: table or view does not exist


SQL> delete from orasup_t3_246665000 where rownum<=((select count(*) from orasup_t3_246665000)-500000)
            *
ERROR at line 1:
ORA-00942: table or view does not exist


SQL> 
Commit complete.

SQL> delete from orasup_t3_694718000 where rownum<=((select count(*) from orasup_t3_694718000)-500000)
            *
ERROR at line 1:
ORA-00942: table or view does not exist


SQL> 
Commit complete.

SQL> insert into orasup_t3_246665000 select * from orasup_t3_246665000 where rownum<=round(DBMS_RANDOM.value(0,400000),0)
                                              *
ERROR at line 1:
ORA-00942: table or view does not exist


SQL> 
Rollback complete.

SQL> insert into orasup_t3_694718000 select * from orasup_t3_694718000 where rownum<=round(DBMS_RANDOM.value(0,400000),0)
                                              *
ERROR at line 1:
ORA-00942: table or view does not exist


SQL> 
Rollback complete.

SQL> delete from orasup_t3_246665000 where rownum<=round(DBMS_RANDOM.value(0,400000),0)
            *
ERROR at line 1:
ORA-00942: table or view does not exist


SQL> 
Rollback complete.

SQL> delete from orasup_t3_694718000 where rownum<=round(DBMS_RANDOM.value(0,400000),0)
            *
ERROR at line 1:
ORA-00942: table or view does not exist


SQL> update orasup_t3_246665000 set object_id=1 where rownum<=round(DBMS_RANDOM.value(0,400000),0)
       *
ERROR at line 1:
ORA-00942: table or view does not exist


SQL> 
Rollback complete.

SQL> 
Rollback complete.

SQL> update orasup_t3_694718000 set object_id=1 where rownum<=round(DBMS_RANDOM.value(0,400000),0)
       *
ERROR at line 1:
ORA-00942: table or view does not exist


SQL> 
Rollback complete.

SQL> update orasup_t3_246665000 set object_id=rownum
       *
ERROR at line 1:
ORA-00942: table or view does not exist


SQL> 
Commit complete.

SQL> update orasup_t3_694718000 set object_id=rownum
       *
ERROR at line 1:
ORA-00942: table or view does not exist


SQL> 
Commit complete.

SQL> create index idx_t3 on orasup_t3_246665000(object_id)
                       *
ERROR at line 1:
ORA-00942: table or view does not exist


SQL> SQL> 
PL/SQL procedure successfully completed.

SQL> select object_id from orasup_t3_246665000 where object_id=:v_obj_id
                      *
ERROR at line 1:
ORA-00942: table or view does not exist


create index idx_t3 on orasup_t3_694718000(object_id)
                       *
ERROR at line 1:
ORA-00942: table or view does not exist


SQL> SQL> 
PL/SQL procedure successfully completed.

SQL> SQL> 
PL/SQL procedure successfully completed.

SQL> select object_id from orasup_t3_694718000 where object_id=:v_obj_id
                      *
ERROR at line 1:
ORA-00942: table or view does not exist


select object_id from orasup_t3_246665000 where object_id=:v_obj_id
                      *
ERROR at line 1:
ORA-00942: table or view does not exist


SQL> 
PL/SQL procedure successfully completed.

SQL> SQL> 
PL/SQL procedure successfully completed.

SQL> select object_id from orasup_t3_694718000 where object_id=:v_obj_id
                      *
ERROR at line 1:
ORA-00942: table or view does not exist


select object_id from orasup_t3_246665000 where object_id=:v_obj_id
                      *
ERROR at line 1:
ORA-00942: table or view does not exist


SQL> 
PL/SQL procedure successfully completed.

SQL> SQL> 
PL/SQL procedure successfully completed.

SQL> select object_id from orasup_t3_694718000 where object_id=:v_obj_id
                      *
ERROR at line 1:
ORA-00942: table or view does not exist


select object_id from orasup_t3_246665000 where object_id=:v_obj_id
                      *
ERROR at line 1:
ORA-00942: table or view does not exist


SQL> 
PL/SQL procedure successfully completed.

SQL> SQL> SQL> SQL> SQL>   2    3    4    5    6    7    8    9   10   11   12   13   14   15  select object_id from orasup_t3_694718000 where object_id=:v_obj_id
                      *
ERROR at line 1:
ORA-00942: table or view does not exist


SQL> SQL> SQL> SQL>   2    3    4    5    6    7    8    9   10   11   12   13   14   15  update orasup_t3_246665000 set object_id=object_id+round(DBMS_RANDOM.value(0,100),0) where object_id=:v_obj_id;
       *
ERROR at line 8:
ORA-06550: line 8, column 8:
PL/SQL: ORA-00942: table or view does not exist
ORA-06550: line 8, column 1:
PL/SQL: SQL Statement ignored


SQL> SQL> SQL> SQL> Disconnected from Oracle Database 10g Enterprise Edition Release 10.2.0.5.0 - 64bit Production
With the Partitioning, Oracle Label Security, OLAP, Data Mining Scoring Engine
and Real Application Testing options
update orasup_t3_694718000 set object_id=object_id+round(DBMS_RANDOM.value(0,100),0) where object_id=:v_obj_id;
       *
ERROR at line 8:
ORA-06550: line 8, column 8:
PL/SQL: ORA-00942: table or view does not exist
ORA-06550: line 8, column 1:
PL/SQL: SQL Statement ignored


SQL> SQL> SQL> SQL> Disconnected from Oracle Database 10g Enterprise Edition Release 10.2.0.5.0 - 64bit Production
With the Partitioning, Oracle Label Security, OLAP, Data Mining Scoring Engine
and Real Application Testing options
create table orasup_t3_175154000 as select * from dba_objects
                                                  *
ERROR at line 1:
ORA-01652: unable to extend temp segment by 8 in tablespace USERS


SQL> insert into orasup_t3_175154000 select * from orasup_t3_175154000
                                              *
ERROR at line 1:
ORA-00942: table or view does not exist


SQL> insert into orasup_t3_175154000 select * from orasup_t3_175154000
                                              *
ERROR at line 1:
ORA-00942: table or view does not exist


SQL> insert into orasup_t3_175154000 select * from orasup_t3_175154000
                                              *
ERROR at line 1:
ORA-00942: table or view does not exist


SQL> insert into orasup_t3_175154000 select * from orasup_t3_175154000
                                              *
ERROR at line 1:
ORA-00942: table or view does not exist


SQL> delete from orasup_t3_175154000 where rownum<=((select count(*) from orasup_t3_175154000)-500000)
            *
ERROR at line 1:
ORA-00942: table or view does not exist


SQL> 
Commit complete.

SQL> insert into orasup_t3_175154000 select * from orasup_t3_175154000 where rownum<=round(DBMS_RANDOM.value(0,400000),0)
                                              *
ERROR at line 1:
ORA-00942: table or view does not exist


SQL> 
Rollback complete.

SQL> delete from orasup_t3_175154000 where rownum<=round(DBMS_RANDOM.value(0,400000),0)
            *
ERROR at line 1:
ORA-00942: table or view does not exist


SQL> 
Rollback complete.

SQL> update orasup_t3_175154000 set object_id=1 where rownum<=round(DBMS_RANDOM.value(0,400000),0)
       *
ERROR at line 1:
ORA-00942: table or view does not exist


SQL> 
Rollback complete.

SQL> update orasup_t3_175154000 set object_id=rownum
       *
ERROR at line 1:
ORA-00942: table or view does not exist


SQL> 
Commit complete.

SQL> create index idx_t3 on orasup_t3_175154000(object_id)
                       *
ERROR at line 1:
ORA-00942: table or view does not exist


SQL> SQL> 
PL/SQL procedure successfully completed.

SQL> select object_id from orasup_t3_175154000 where object_id=:v_obj_id
                      *
ERROR at line 1:
ORA-00942: table or view does not exist


SQL> 
PL/SQL procedure successfully completed.

SQL> select object_id from orasup_t3_175154000 where object_id=:v_obj_id
                      *
ERROR at line 1:
ORA-00942: table or view does not exist


SQL> 
PL/SQL procedure successfully completed.

SQL> select object_id from orasup_t3_175154000 where object_id=:v_obj_id
                      *
ERROR at line 1:
ORA-00942: table or view does not exist


SQL> 
PL/SQL procedure successfully completed.

SQL> select object_id from orasup_t3_175154000 where object_id=:v_obj_id
                      *
ERROR at line 1:
ORA-00942: table or view does not exist


SQL> SQL> SQL> SQL>   2    3    4    5    6    7    8    9   10   11   12   13   14   15  update orasup_t3_175154000 set object_id=object_id+round(DBMS_RANDOM.value(0,100),0) where object_id=:v_obj_id;
       *
ERROR at line 8:
ORA-06550: line 8, column 8:
PL/SQL: ORA-00942: table or view does not exist
ORA-06550: line 8, column 1:
PL/SQL: SQL Statement ignored


SQL> SQL> SQL> SQL> Disconnected from Oracle Database 10g Enterprise Edition Release 10.2.0.5.0 - 64bit Production
With the Partitioning, Oracle Label Security, OLAP, Data Mining Scoring Engine
and Real Application Testing options

SQL*Plus: Release 10.2.0.5.0 - Production on Tue Sep 30 18:23:02 2014

Copyright (c) 1982, 2010, Oracle.  All Rights Reserved.


SQL*Plus: Release 10.2.0.5.0 - Production on Tue Sep 30 18:23:02 2014

Copyright (c) 1982, 2010, Oracle.  All Rights Reserved.


Connected to:
Oracle Database 10g Enterprise Edition Release 10.2.0.5.0 - 64bit Production
With the Partitioning, Oracle Label Security, OLAP, Data Mining Scoring Engine
and Real Application Testing options

SQL> SQL> SQL> 
Connected to:
Oracle Database 10g Enterprise Edition Release 10.2.0.5.0 - 64bit Production
With the Partitioning, Oracle Label Security, OLAP, Data Mining Scoring Engine
and Real Application Testing options

SQL> SQL> SQL> 
SQL*Plus: Release 10.2.0.5.0 - Production on Tue Sep 30 18:23:04 2014

Copyright (c) 1982, 2010, Oracle.  All Rights Reserved.


Connected to:
Oracle Database 10g Enterprise Edition Release 10.2.0.5.0 - 64bit Production
With the Partitioning, Oracle Label Security, OLAP, Data Mining Scoring Engine
and Real Application Testing options

SQL> SQL> SQL> insert into orasup_t3_929745000 select * from orasup_t3_929745000 where rownum<=round(DBMS_RANDOM.value(0,400000),0)
            *
ERROR at line 1:
ORA-01653: unable to extend table TEST_RAT.ORASUP_T3_929745000 by 128 in
tablespace USERS


SQL> 
Rollback complete.

SQL> 
PL/SQL procedure successfully completed.

SQL> drop table orasup_t3_303154000
           *
ERROR at line 1:
ORA-00942: table or view does not exist


SQL> 
PL/SQL procedure successfully completed.

SQL> drop table orasup_t3_246665000
           *
ERROR at line 1:
ORA-00942: table or view does not exist


SQL> 
PL/SQL procedure successfully completed.

SQL> drop table orasup_t3_175154000
           *
ERROR at line 1:
ORA-00942: table or view does not exist


SQL> 
PL/SQL procedure successfully completed.

SQL> drop table orasup_t3_694718000
           *
ERROR at line 1:
ORA-00942: table or view does not exist


SQL> create table orasup_t3_303154000 as select * from dba_objects
                                                  *
ERROR at line 1:
ORA-01652: unable to extend temp segment by 8 in tablespace USERS


SQL> insert into orasup_t3_303154000 select * from orasup_t3_303154000
                                              *
ERROR at line 1:
ORA-00942: table or view does not exist


SQL> insert into orasup_t3_303154000 select * from orasup_t3_303154000
                                              *
ERROR at line 1:
ORA-00942: table or view does not exist


SQL> insert into orasup_t3_303154000 select * from orasup_t3_303154000
                                              *
ERROR at line 1:
ORA-00942: table or view does not exist


SQL> insert into orasup_t3_303154000 select * from orasup_t3_303154000
                                              *
ERROR at line 1:
ORA-00942: table or view does not exist


SQL> delete from orasup_t3_303154000 where rownum<=((select count(*) from orasup_t3_303154000)-500000)
            *
ERROR at line 1:
ORA-00942: table or view does not exist


SQL> 
Commit complete.

SQL> insert into orasup_t3_303154000 select * from orasup_t3_303154000 where rownum<=round(DBMS_RANDOM.value(0,400000),0)
                                              *
ERROR at line 1:
ORA-00942: table or view does not exist


SQL> 
Rollback complete.

SQL> delete from orasup_t3_303154000 where rownum<=round(DBMS_RANDOM.value(0,400000),0)
            *
ERROR at line 1:
ORA-00942: table or view does not exist


SQL> 
Rollback complete.

SQL> update orasup_t3_303154000 set object_id=1 where rownum<=round(DBMS_RANDOM.value(0,400000),0)
       *
ERROR at line 1:
ORA-00942: table or view does not exist


SQL> 
Rollback complete.

SQL> update orasup_t3_303154000 set object_id=rownum
       *
ERROR at line 1:
ORA-00942: table or view does not exist


SQL> 
Commit complete.

SQL> create index idx_t3 on orasup_t3_303154000(object_id)
                       *
ERROR at line 1:
ORA-00942: table or view does not exist


SQL> SQL> 
PL/SQL procedure successfully completed.

SQL> select object_id from orasup_t3_303154000 where object_id=:v_obj_id
                      *
ERROR at line 1:
ORA-00942: table or view does not exist


SQL> 
PL/SQL procedure successfully completed.

SQL> select object_id from orasup_t3_303154000 where object_id=:v_obj_id
                      *
ERROR at line 1:
ORA-00942: table or view does not exist


SQL> 
PL/SQL procedure successfully completed.

SQL> select object_id from orasup_t3_303154000 where object_id=:v_obj_id
                      *
ERROR at line 1:
ORA-00942: table or view does not exist


SQL> 
PL/SQL procedure successfully completed.

SQL> select object_id from orasup_t3_303154000 where object_id=:v_obj_id
                      *
ERROR at line 1:
ORA-00942: table or view does not exist


SQL> SQL> SQL> SQL>   2    3    4    5    6    7    8    9   10   11   12   13   14   15  update orasup_t3_303154000 set object_id=object_id+round(DBMS_RANDOM.value(0,100),0) where object_id=:v_obj_id;
       *
ERROR at line 8:
ORA-06550: line 8, column 8:
PL/SQL: ORA-00942: table or view does not exist
ORA-06550: line 8, column 1:
PL/SQL: SQL Statement ignored


SQL> SQL> SQL> SQL> Disconnected from Oracle Database 10g Enterprise Edition Release 10.2.0.5.0 - 64bit Production
With the Partitioning, Oracle Label Security, OLAP, Data Mining Scoring Engine
and Real Application Testing options
create table orasup_t3_694718000 as select * from dba_objects
                                                  *
ERROR at line 1:
ORA-01652: unable to extend temp segment by 8 in tablespace USERS


SQL> create table orasup_t3_175154000 as select * from dba_objects
                                                  *
ERROR at line 1:
ORA-01652: unable to extend temp segment by 8 in tablespace USERS


SQL> insert into orasup_t3_694718000 select * from orasup_t3_694718000
                                              *
ERROR at line 1:
ORA-00942: table or view does not exist


SQL> insert into orasup_t3_175154000 select * from orasup_t3_175154000
                                              *
ERROR at line 1:
ORA-00942: table or view does not exist


SQL> insert into orasup_t3_694718000 select * from orasup_t3_694718000
                                              *
ERROR at line 1:
ORA-00942: table or view does not exist


SQL> insert into orasup_t3_175154000 select * from orasup_t3_175154000
                                              *
ERROR at line 1:
ORA-00942: table or view does not exist


SQL> insert into orasup_t3_694718000 select * from orasup_t3_694718000
                                              *
ERROR at line 1:
ORA-00942: table or view does not exist


SQL> insert into orasup_t3_175154000 select * from orasup_t3_175154000
                                              *
ERROR at line 1:
ORA-00942: table or view does not exist


SQL> insert into orasup_t3_694718000 select * from orasup_t3_694718000
                                              *
ERROR at line 1:
ORA-00942: table or view does not exist


SQL> insert into orasup_t3_175154000 select * from orasup_t3_175154000
                                              *
ERROR at line 1:
ORA-00942: table or view does not exist


SQL> delete from orasup_t3_694718000 where rownum<=((select count(*) from orasup_t3_694718000)-500000)
            *
ERROR at line 1:
ORA-00942: table or view does not exist


SQL> 
Commit complete.

SQL> delete from orasup_t3_175154000 where rownum<=((select count(*) from orasup_t3_175154000)-500000)
            *
ERROR at line 1:
ORA-00942: table or view does not exist


SQL> 
Commit complete.

SQL> insert into orasup_t3_694718000 select * from orasup_t3_694718000 where rownum<=round(DBMS_RANDOM.value(0,400000),0)
                                              *
ERROR at line 1:
ORA-00942: table or view does not exist


SQL> insert into orasup_t3_175154000 select * from orasup_t3_175154000 where rownum<=round(DBMS_RANDOM.value(0,400000),0)
                                              *
ERROR at line 1:
ORA-00942: table or view does not exist


SQL> 
Rollback complete.

SQL> 
Rollback complete.

SQL> delete from orasup_t3_694718000 where rownum<=round(DBMS_RANDOM.value(0,400000),0)
            *
ERROR at line 1:
ORA-00942: table or view does not exist


SQL> 
Rollback complete.

SQL> delete from orasup_t3_175154000 where rownum<=round(DBMS_RANDOM.value(0,400000),0)
            *
ERROR at line 1:
ORA-00942: table or view does not exist


SQL> 
Rollback complete.

SQL> update orasup_t3_694718000 set object_id=1 where rownum<=round(DBMS_RANDOM.value(0,400000),0)
       *
ERROR at line 1:
ORA-00942: table or view does not exist


SQL> 
Rollback complete.

SQL> update orasup_t3_175154000 set object_id=1 where rownum<=round(DBMS_RANDOM.value(0,400000),0)
       *
ERROR at line 1:
ORA-00942: table or view does not exist


SQL> update orasup_t3_694718000 set object_id=rownum
       *
ERROR at line 1:
ORA-00942: table or view does not exist


SQL> 
Rollback complete.

SQL> 
Commit complete.

SQL> update orasup_t3_175154000 set object_id=rownum
       *
ERROR at line 1:
ORA-00942: table or view does not exist


SQL> 
Commit complete.

SQL> create index idx_t3 on orasup_t3_694718000(object_id)
                       *
ERROR at line 1:
ORA-00942: table or view does not exist


SQL> SQL> 
PL/SQL procedure successfully completed.

SQL> create index idx_t3 on orasup_t3_175154000(object_id)
                       *
ERROR at line 1:
ORA-00942: table or view does not exist


SQL> SQL> select object_id from orasup_t3_694718000 where object_id=:v_obj_id
                      *
ERROR at line 1:
ORA-00942: table or view does not exist



PL/SQL procedure successfully completed.

SQL> SQL> select object_id from orasup_t3_175154000 where object_id=:v_obj_id
                      *
ERROR at line 1:
ORA-00942: table or view does not exist


SQL> 
PL/SQL procedure successfully completed.

SQL> 
PL/SQL procedure successfully completed.

SQL> select object_id from orasup_t3_694718000 where object_id=:v_obj_id
                      *
ERROR at line 1:
ORA-00942: table or view does not exist


SQL> 
PL/SQL procedure successfully completed.

SQL> select object_id from orasup_t3_175154000 where object_id=:v_obj_id
                      *
ERROR at line 1:
ORA-00942: table or view does not exist


SQL> 
PL/SQL procedure successfully completed.

SQL> select object_id from orasup_t3_694718000 where object_id=:v_obj_id
                      *
ERROR at line 1:
ORA-00942: table or view does not exist


SQL> select object_id from orasup_t3_175154000 where object_id=:v_obj_id
                      *
ERROR at line 1:
ORA-00942: table or view does not exist


SQL> 
PL/SQL procedure successfully completed.

SQL> select object_id from orasup_t3_175154000 where object_id=:v_obj_id
                      *
ERROR at line 1:
ORA-00942: table or view does not exist



PL/SQL procedure successfully completed.

SQL> SQL> SQL> SQL> SQL>   2    3    4    5    6    7    8    9   10   11   12   13   14   15  select object_id from orasup_t3_694718000 where object_id=:v_obj_id
                      *
ERROR at line 1:
ORA-00942: table or view does not exist


SQL> SQL> SQL> SQL>   2    3    4    5    6    7    8    9   10   11   12   13   14   15  update orasup_t3_175154000 set object_id=object_id+round(DBMS_RANDOM.value(0,100),0) where object_id=:v_obj_id;
       *
ERROR at line 8:
ORA-06550: line 8, column 8:
PL/SQL: ORA-00942: table or view does not exist
ORA-06550: line 8, column 1:
PL/SQL: SQL Statement ignored


SQL> SQL> SQL> SQL> Disconnected from Oracle Database 10g Enterprise Edition Release 10.2.0.5.0 - 64bit Production
With the Partitioning, Oracle Label Security, OLAP, Data Mining Scoring Engine
and Real Application Testing options
update orasup_t3_694718000 set object_id=object_id+round(DBMS_RANDOM.value(0,100),0) where object_id=:v_obj_id;
       *
ERROR at line 8:
ORA-06550: line 8, column 8:
PL/SQL: ORA-00942: table or view does not exist
ORA-06550: line 8, column 1:
PL/SQL: SQL Statement ignored


SQL> SQL> SQL> SQL> Disconnected from Oracle Database 10g Enterprise Edition Release 10.2.0.5.0 - 64bit Production
With the Partitioning, Oracle Label Security, OLAP, Data Mining Scoring Engine
and Real Application Testing options

SQL*Plus: Release 10.2.0.5.0 - Production on Tue Sep 30 18:23:25 2014

Copyright (c) 1982, 2010, Oracle.  All Rights Reserved.


Connected to:
Oracle Database 10g Enterprise Edition Release 10.2.0.5.0 - 64bit Production
With the Partitioning, Oracle Label Security, OLAP, Data Mining Scoring Engine
and Real Application Testing options

SQL> SQL> SQL> 
SQL*Plus: Release 10.2.0.5.0 - Production on Tue Sep 30 18:23:26 2014

Copyright (c) 1982, 2010, Oracle.  All Rights Reserved.


SQL*Plus: Release 10.2.0.5.0 - Production on Tue Sep 30 18:23:26 2014

Copyright (c) 1982, 2010, Oracle.  All Rights Reserved.


Connected to:
Oracle Database 10g Enterprise Edition Release 10.2.0.5.0 - 64bit Production
With the Partitioning, Oracle Label Security, OLAP, Data Mining Scoring Engine
and Real Application Testing options

SQL> SQL> SQL> 
Connected to:
Oracle Database 10g Enterprise Edition Release 10.2.0.5.0 - 64bit Production
With the Partitioning, Oracle Label Security, OLAP, Data Mining Scoring Engine
and Real Application Testing options

SQL> SQL> SQL> create table orasup_t3_246665000 as select * from dba_objects
                                                  *
ERROR at line 1:
ORA-01652: unable to extend temp segment by 8 in tablespace USERS


SQL> insert into orasup_t3_246665000 select * from orasup_t3_246665000
                                              *
ERROR at line 1:
ORA-00942: table or view does not exist


SQL> insert into orasup_t3_246665000 select * from orasup_t3_246665000
                                              *
ERROR at line 1:
ORA-00942: table or view does not exist


SQL> insert into orasup_t3_246665000 select * from orasup_t3_246665000
                                              *
ERROR at line 1:
ORA-00942: table or view does not exist


SQL> insert into orasup_t3_246665000 select * from orasup_t3_246665000
                                              *
ERROR at line 1:
ORA-00942: table or view does not exist


SQL> delete from orasup_t3_246665000 where rownum<=((select count(*) from orasup_t3_246665000)-500000)
            *
ERROR at line 1:
ORA-00942: table or view does not exist


SQL> 
Commit complete.

SQL> insert into orasup_t3_246665000 select * from orasup_t3_246665000 where rownum<=round(DBMS_RANDOM.value(0,400000),0)
                                              *
ERROR at line 1:
ORA-00942: table or view does not exist


SQL> 
Rollback complete.

SQL> delete from orasup_t3_246665000 where rownum<=round(DBMS_RANDOM.value(0,400000),0)
            *
ERROR at line 1:
ORA-00942: table or view does not exist


SQL> 
Rollback complete.

SQL> update orasup_t3_246665000 set object_id=1 where rownum<=round(DBMS_RANDOM.value(0,400000),0)
       *
ERROR at line 1:
ORA-00942: table or view does not exist


SQL> 
Rollback complete.

SQL> update orasup_t3_246665000 set object_id=rownum
       *
ERROR at line 1:
ORA-00942: table or view does not exist


SQL> 
Commit complete.

SQL> create index idx_t3 on orasup_t3_246665000(object_id)
                       *
ERROR at line 1:
ORA-00942: table or view does not exist


SQL> SQL> 
PL/SQL procedure successfully completed.

SQL> select object_id from orasup_t3_246665000 where object_id=:v_obj_id
                      *
ERROR at line 1:
ORA-00942: table or view does not exist


SQL> 
PL/SQL procedure successfully completed.

SQL> select object_id from orasup_t3_246665000 where object_id=:v_obj_id
                      *
ERROR at line 1:
ORA-00942: table or view does not exist


SQL> 
PL/SQL procedure successfully completed.

SQL> select object_id from orasup_t3_246665000 where object_id=:v_obj_id
                      *
ERROR at line 1:
ORA-00942: table or view does not exist


SQL> 
PL/SQL procedure successfully completed.

SQL> select object_id from orasup_t3_246665000 where object_id=:v_obj_id
                      *
ERROR at line 1:
ORA-00942: table or view does not exist


SQL> SQL> SQL> SQL>   2    3    4    5    6    7    8    9   10   11   12   13   14   15  update orasup_t3_246665000 set object_id=object_id+round(DBMS_RANDOM.value(0,100),0) where object_id=:v_obj_id;
       *
ERROR at line 8:
ORA-06550: line 8, column 8:
PL/SQL: ORA-00942: table or view does not exist
ORA-06550: line 8, column 1:
PL/SQL: SQL Statement ignored


SQL> SQL> SQL> SQL> Disconnected from Oracle Database 10g Enterprise Edition Release 10.2.0.5.0 - 64bit Production
With the Partitioning, Oracle Label Security, OLAP, Data Mining Scoring Engine
and Real Application Testing options

SQL*Plus: Release 10.2.0.5.0 - Production on Tue Sep 30 18:23:30 2014

Copyright (c) 1982, 2010, Oracle.  All Rights Reserved.


Connected to:
Oracle Database 10g Enterprise Edition Release 10.2.0.5.0 - 64bit Production
With the Partitioning, Oracle Label Security, OLAP, Data Mining Scoring Engine
and Real Application Testing options

SQL> SQL> SQL> 
PL/SQL procedure successfully completed.

SQL> drop table orasup_t3_175154000
           *
ERROR at line 1:
ORA-00942: table or view does not exist


SQL> 
PL/SQL procedure successfully completed.

SQL> drop table orasup_t3_303154000
           *
ERROR at line 1:
ORA-00942: table or view does not exist


SQL> create table orasup_t3_303154000 as select * from dba_objects
                                                  *
ERROR at line 1:
ORA-01658: unable to create INITIAL extent for segment in tablespace USERS


SQL> insert into orasup_t3_303154000 select * from orasup_t3_303154000
                                              *
ERROR at line 1:
ORA-00942: table or view does not exist


SQL> insert into orasup_t3_303154000 select * from orasup_t3_303154000
                                              *
ERROR at line 1:
ORA-00942: table or view does not exist


SQL> insert into orasup_t3_303154000 select * from orasup_t3_303154000
                                              *
ERROR at line 1:
ORA-00942: table or view does not exist


SQL> insert into orasup_t3_303154000 select * from orasup_t3_303154000
                                              *
ERROR at line 1:
ORA-00942: table or view does not exist


SQL> delete from orasup_t3_303154000 where rownum<=((select count(*) from orasup_t3_303154000)-500000)
            *
ERROR at line 1:
ORA-00942: table or view does not exist


SQL> 
Commit complete.

SQL> insert into orasup_t3_303154000 select * from orasup_t3_303154000 where rownum<=round(DBMS_RANDOM.value(0,400000),0)
                                              *
ERROR at line 1:
ORA-00942: table or view does not exist


SQL> 
Rollback complete.

SQL> delete from orasup_t3_303154000 where rownum<=round(DBMS_RANDOM.value(0,400000),0)
            *
ERROR at line 1:
ORA-00942: table or view does not exist


SQL> 
Rollback complete.

SQL> update orasup_t3_303154000 set object_id=1 where rownum<=round(DBMS_RANDOM.value(0,400000),0)
       *
ERROR at line 1:
ORA-00942: table or view does not exist


SQL> 
Rollback complete.

SQL> update orasup_t3_303154000 set object_id=rownum
       *
ERROR at line 1:
ORA-00942: table or view does not exist


SQL> 
Commit complete.

SQL> create index idx_t3 on orasup_t3_303154000(object_id)
                       *
ERROR at line 1:
ORA-00942: table or view does not exist


SQL> SQL> 
PL/SQL procedure successfully completed.

SQL> select object_id from orasup_t3_303154000 where object_id=:v_obj_id
                      *
ERROR at line 1:
ORA-00942: table or view does not exist


SQL> 
PL/SQL procedure successfully completed.

SQL> select object_id from orasup_t3_303154000 where object_id=:v_obj_id
                      *
ERROR at line 1:
ORA-00942: table or view does not exist


SQL> 
PL/SQL procedure successfully completed.

SQL> select object_id from orasup_t3_303154000 where object_id=:v_obj_id
                      *
ERROR at line 1:
ORA-00942: table or view does not exist


SQL> 
PL/SQL procedure successfully completed.

SQL> select object_id from orasup_t3_303154000 where object_id=:v_obj_id
                      *
ERROR at line 1:
ORA-00942: table or view does not exist


SQL> SQL> SQL> SQL>   2    3    4    5    6    7    8    9   10   11   12   13   14   15  update orasup_t3_303154000 set object_id=object_id+round(DBMS_RANDOM.value(0,100),0) where object_id=:v_obj_id;
       *
ERROR at line 8:
ORA-06550: line 8, column 8:
PL/SQL: ORA-00942: table or view does not exist
ORA-06550: line 8, column 1:
PL/SQL: SQL Statement ignored


SQL> SQL> SQL> SQL> Disconnected from Oracle Database 10g Enterprise Edition Release 10.2.0.5.0 - 64bit Production
With the Partitioning, Oracle Label Security, OLAP, Data Mining Scoring Engine
and Real Application Testing options

PL/SQL procedure successfully completed.

SQL> drop table orasup_t3_694718000
           *
ERROR at line 1:
ORA-00942: table or view does not exist


SQL> 
PL/SQL procedure successfully completed.

SQL> 
SQL*Plus: Release 10.2.0.5.0 - Production on Tue Sep 30 18:23:40 2014

Copyright (c) 1982, 2010, Oracle.  All Rights Reserved.


Connected to:
Oracle Database 10g Enterprise Edition Release 10.2.0.5.0 - 64bit Production
With the Partitioning, Oracle Label Security, OLAP, Data Mining Scoring Engine
and Real Application Testing options

SQL> SQL> SQL> drop table orasup_t3_246665000
           *
ERROR at line 1:
ORA-00942: table or view does not exist


SQL> create table orasup_t3_694718000 as select * from dba_objects
                                                  *
ERROR at line 1:
ORA-01652: unable to extend temp segment by 8 in tablespace USERS


SQL> insert into orasup_t3_694718000 select * from orasup_t3_694718000
                                              *
ERROR at line 1:
ORA-00942: table or view does not exist


SQL> insert into orasup_t3_694718000 select * from orasup_t3_694718000
                                              *
ERROR at line 1:
ORA-00942: table or view does not exist


SQL> insert into orasup_t3_694718000 select * from orasup_t3_694718000
                                              *
ERROR at line 1:
ORA-00942: table or view does not exist


SQL> insert into orasup_t3_694718000 select * from orasup_t3_694718000
                                              *
ERROR at line 1:
ORA-00942: table or view does not exist


SQL> delete from orasup_t3_694718000 where rownum<=((select count(*) from orasup_t3_694718000)-500000)
            *
ERROR at line 1:
ORA-00942: table or view does not exist


SQL> 
Commit complete.

SQL> insert into orasup_t3_694718000 select * from orasup_t3_694718000 where rownum<=round(DBMS_RANDOM.value(0,400000),0)
                                              *
ERROR at line 1:
ORA-00942: table or view does not exist


SQL> 
Rollback complete.

SQL> delete from orasup_t3_694718000 where rownum<=round(DBMS_RANDOM.value(0,400000),0)
            *
ERROR at line 1:
ORA-00942: table or view does not exist


SQL> 
Rollback complete.

SQL> update orasup_t3_694718000 set object_id=1 where rownum<=round(DBMS_RANDOM.value(0,400000),0)
       *
ERROR at line 1:
ORA-00942: table or view does not exist


SQL> 
Rollback complete.

SQL> update orasup_t3_694718000 set object_id=rownum
       *
ERROR at line 1:
ORA-00942: table or view does not exist


SQL> 
Commit complete.

SQL> create index idx_t3 on orasup_t3_694718000(object_id)
                       *
ERROR at line 1:
ORA-00942: table or view does not exist


SQL> SQL> 
PL/SQL procedure successfully completed.

SQL> select object_id from orasup_t3_694718000 where object_id=:v_obj_id
                      *
ERROR at line 1:
ORA-00942: table or view does not exist


SQL> 
PL/SQL procedure successfully completed.

SQL> select object_id from orasup_t3_694718000 where object_id=:v_obj_id
                      *
ERROR at line 1:
ORA-00942: table or view does not exist


SQL> 
PL/SQL procedure successfully completed.

SQL> select object_id from orasup_t3_694718000 where object_id=:v_obj_id
                      *
ERROR at line 1:
ORA-00942: table or view does not exist


SQL> 
PL/SQL procedure successfully completed.

SQL> select object_id from orasup_t3_694718000 where object_id=:v_obj_id
                      *
ERROR at line 1:
ORA-00942: table or view does not exist


SQL> SQL> SQL> SQL>   2    3    4    5    6    7    8    9   10   11   12   13   14   15  update orasup_t3_694718000 set object_id=object_id+round(DBMS_RANDOM.value(0,100),0) where object_id=:v_obj_id;
       *
ERROR at line 8:
ORA-06550: line 8, column 8:
PL/SQL: ORA-00942: table or view does not exist
ORA-06550: line 8, column 1:
PL/SQL: SQL Statement ignored


SQL> SQL> SQL> SQL> Disconnected from Oracle Database 10g Enterprise Edition Release 10.2.0.5.0 - 64bit Production
With the Partitioning, Oracle Label Security, OLAP, Data Mining Scoring Engine
and Real Application Testing options
create table orasup_t3_246665000 as select * from dba_objects
                                                  *
ERROR at line 1:
ORA-01652: unable to extend temp segment by 8 in tablespace USERS


SQL> insert into orasup_t3_246665000 select * from orasup_t3_246665000
                                              *
ERROR at line 1:
ORA-00942: table or view does not exist


SQL> insert into orasup_t3_246665000 select * from orasup_t3_246665000
                                              *
ERROR at line 1:
ORA-00942: table or view does not exist


SQL> insert into orasup_t3_246665000 select * from orasup_t3_246665000
                                              *
ERROR at line 1:
ORA-00942: table or view does not exist


SQL> insert into orasup_t3_246665000 select * from orasup_t3_246665000
                                              *
ERROR at line 1:
ORA-00942: table or view does not exist


SQL> delete from orasup_t3_246665000 where rownum<=((select count(*) from orasup_t3_246665000)-500000)
            *
ERROR at line 1:
ORA-00942: table or view does not exist


SQL> 
Commit complete.

SQL> insert into orasup_t3_246665000 select * from orasup_t3_246665000 where rownum<=round(DBMS_RANDOM.value(0,400000),0)
                                              *
ERROR at line 1:
ORA-00942: table or view does not exist


SQL> 
Rollback complete.

SQL> delete from orasup_t3_246665000 where rownum<=round(DBMS_RANDOM.value(0,400000),0)
            *
ERROR at line 1:
ORA-00942: table or view does not exist


SQL> 
Rollback complete.

SQL> update orasup_t3_246665000 set object_id=1 where rownum<=round(DBMS_RANDOM.value(0,400000),0)
       *
ERROR at line 1:
ORA-00942: table or view does not exist


SQL> 
Rollback complete.

SQL> update orasup_t3_246665000 set object_id=rownum
       *
ERROR at line 1:
ORA-00942: table or view does not exist


SQL> 
Commit complete.

SQL> create index idx_t3 on orasup_t3_246665000(object_id)
                       *
ERROR at line 1:
ORA-00942: table or view does not exist


SQL> SQL> 
PL/SQL procedure successfully completed.

SQL> select object_id from orasup_t3_246665000 where object_id=:v_obj_id
                      *
ERROR at line 1:
ORA-00942: table or view does not exist


SQL> 
PL/SQL procedure successfully completed.

SQL> select object_id from orasup_t3_246665000 where object_id=:v_obj_id
                      *
ERROR at line 1:
ORA-00942: table or view does not exist


SQL> 
PL/SQL procedure successfully completed.

SQL> select object_id from orasup_t3_246665000 where object_id=:v_obj_id
                      *
ERROR at line 1:
ORA-00942: table or view does not exist


SQL> 
PL/SQL procedure successfully completed.

SQL> select object_id from orasup_t3_246665000 where object_id=:v_obj_id
                      *
ERROR at line 1:
ORA-00942: table or view does not exist


SQL> SQL> SQL> SQL>   2    3    4    5    6    7    8    9   10   11   12   13   14   15  update orasup_t3_246665000 set object_id=object_id+round(DBMS_RANDOM.value(0,100),0) where object_id=:v_obj_id;
       *
ERROR at line 8:
ORA-06550: line 8, column 8:
PL/SQL: ORA-00942: table or view does not exist
ORA-06550: line 8, column 1:
PL/SQL: SQL Statement ignored


SQL> SQL> SQL> SQL> Disconnected from Oracle Database 10g Enterprise Edition Release 10.2.0.5.0 - 64bit Production
With the Partitioning, Oracle Label Security, OLAP, Data Mining Scoring Engine
and Real Application Testing options

SQL*Plus: Release 10.2.0.5.0 - Production on Tue Sep 30 18:23:48 2014

Copyright (c) 1982, 2010, Oracle.  All Rights Reserved.


Connected to:
Oracle Database 10g Enterprise Edition Release 10.2.0.5.0 - 64bit Production
With the Partitioning, Oracle Label Security, OLAP, Data Mining Scoring Engine
and Real Application Testing options

SQL> SQL> SQL> 
SQL*Plus: Release 10.2.0.5.0 - Production on Tue Sep 30 18:23:49 2014

Copyright (c) 1982, 2010, Oracle.  All Rights Reserved.


Connected to:
Oracle Database 10g Enterprise Edition Release 10.2.0.5.0 - 64bit Production
With the Partitioning, Oracle Label Security, OLAP, Data Mining Scoring Engine
and Real Application Testing options

SQL> SQL> SQL> 
91612 rows updated.

SQL> 
PL/SQL procedure successfully completed.

SQL> drop table orasup_t3_303154000
           *
ERROR at line 1:
ORA-00942: table or view does not exist


SQL> 
Rollback complete.

SQL> create table orasup_t3_175154000 as select * from dba_objects
                                                  *
ERROR at line 1:
ORA-01652: unable to extend temp segment by 8 in tablespace USERS


SQL> insert into orasup_t3_175154000 select * from orasup_t3_175154000
                                              *
ERROR at line 1:
ORA-00942: table or view does not exist


SQL> insert into orasup_t3_175154000 select * from orasup_t3_175154000
                                              *
ERROR at line 1:
ORA-00942: table or view does not exist


SQL> insert into orasup_t3_175154000 select * from orasup_t3_175154000
                                              *
ERROR at line 1:
ORA-00942: table or view does not exist


SQL> insert into orasup_t3_175154000 select * from orasup_t3_175154000
                                              *
ERROR at line 1:
ORA-00942: table or view does not exist


SQL> delete from orasup_t3_175154000 where rownum<=((select count(*) from orasup_t3_175154000)-500000)
            *
ERROR at line 1:
ORA-00942: table or view does not exist


SQL> 
Commit complete.

SQL> insert into orasup_t3_175154000 select * from orasup_t3_175154000 where rownum<=round(DBMS_RANDOM.value(0,400000),0)
                                              *
ERROR at line 1:
ORA-00942: table or view does not exist


SQL> 
Rollback complete.

SQL> delete from orasup_t3_175154000 where rownum<=round(DBMS_RANDOM.value(0,400000),0)
            *
ERROR at line 1:
ORA-00942: table or view does not exist


SQL> 
Rollback complete.

SQL> update orasup_t3_175154000 set object_id=1 where rownum<=round(DBMS_RANDOM.value(0,400000),0)
       *
ERROR at line 1:
ORA-00942: table or view does not exist


SQL> 
Rollback complete.

SQL> update orasup_t3_175154000 set object_id=rownum
       *
ERROR at line 1:
ORA-00942: table or view does not exist


SQL> 
Commit complete.

SQL> create index idx_t3 on orasup_t3_175154000(object_id)
                       *
ERROR at line 1:
ORA-00942: table or view does not exist


SQL> SQL> 
PL/SQL procedure successfully completed.

SQL> select object_id from orasup_t3_175154000 where object_id=:v_obj_id
                      *
ERROR at line 1:
ORA-00942: table or view does not exist


SQL> 
PL/SQL procedure successfully completed.

SQL> select object_id from orasup_t3_175154000 where object_id=:v_obj_id
                      *
ERROR at line 1:
ORA-00942: table or view does not exist


SQL> 
PL/SQL procedure successfully completed.

SQL> select object_id from orasup_t3_175154000 where object_id=:v_obj_id
                      *
ERROR at line 1:
ORA-00942: table or view does not exist


SQL> 
PL/SQL procedure successfully completed.

SQL> select object_id from orasup_t3_175154000 where object_id=:v_obj_id
                      *
ERROR at line 1:
ORA-00942: table or view does not exist


SQL> SQL> SQL> SQL>   2    3    4    5    6    7    8    9   10   11   12   13   14   15  update orasup_t3_175154000 set object_id=object_id+round(DBMS_RANDOM.value(0,100),0) where object_id=:v_obj_id;
       *
ERROR at line 8:
ORA-06550: line 8, column 8:
PL/SQL: ORA-00942: table or view does not exist
ORA-06550: line 8, column 1:
PL/SQL: SQL Statement ignored


SQL> SQL> SQL> SQL> Disconnected from Oracle Database 10g Enterprise Edition Release 10.2.0.5.0 - 64bit Production
With the Partitioning, Oracle Label Security, OLAP, Data Mining Scoring Engine
and Real Application Testing options

PL/SQL procedure successfully completed.

SQL> drop table orasup_t3_694718000
           *
ERROR at line 1:
ORA-00942: table or view does not exist


SQL> 
PL/SQL procedure successfully completed.

SQL> drop table orasup_t3_246665000
           *
ERROR at line 1:
ORA-00942: table or view does not exist


SQL> create table orasup_t3_303154000 as select * from dba_objects
                                                  *
ERROR at line 1:
ORA-01652: unable to extend temp segment by 128 in tablespace USERS


SQL> insert into orasup_t3_303154000 select * from orasup_t3_303154000
                                              *
ERROR at line 1:
ORA-00942: table or view does not exist


SQL> insert into orasup_t3_303154000 select * from orasup_t3_303154000
                                              *
ERROR at line 1:
ORA-00942: table or view does not exist


SQL> insert into orasup_t3_303154000 select * from orasup_t3_303154000
                                              *
ERROR at line 1:
ORA-00942: table or view does not exist


SQL> insert into orasup_t3_303154000 select * from orasup_t3_303154000
                                              *
ERROR at line 1:
ORA-00942: table or view does not exist


SQL> delete from orasup_t3_303154000 where rownum<=((select count(*) from orasup_t3_303154000)-500000)
            *
ERROR at line 1:
ORA-00942: table or view does not exist


SQL> 
Commit complete.

SQL> insert into orasup_t3_303154000 select * from orasup_t3_303154000 where rownum<=round(DBMS_RANDOM.value(0,400000),0)
                                              *
ERROR at line 1:
ORA-00942: table or view does not exist


SQL> 
Rollback complete.

SQL> delete from orasup_t3_303154000 where rownum<=round(DBMS_RANDOM.value(0,400000),0)
            *
ERROR at line 1:
ORA-00942: table or view does not exist


SQL> 
Rollback complete.

SQL> update orasup_t3_303154000 set object_id=1 where rownum<=round(DBMS_RANDOM.value(0,400000),0)
       *
ERROR at line 1:
ORA-00942: table or view does not exist


SQL> 
Rollback complete.

SQL> update orasup_t3_303154000 set object_id=rownum
       *
ERROR at line 1:
ORA-00942: table or view does not exist


SQL> 
Commit complete.

SQL> create index idx_t3 on orasup_t3_303154000(object_id)
                       *
ERROR at line 1:
ORA-00942: table or view does not exist


SQL> SQL> 
PL/SQL procedure successfully completed.

SQL> select object_id from orasup_t3_303154000 where object_id=:v_obj_id
                      *
ERROR at line 1:
ORA-00942: table or view does not exist


SQL> 
PL/SQL procedure successfully completed.

SQL> select object_id from orasup_t3_303154000 where object_id=:v_obj_id
                      *
ERROR at line 1:
ORA-00942: table or view does not exist


SQL> 
PL/SQL procedure successfully completed.

SQL> select object_id from orasup_t3_303154000 where object_id=:v_obj_id
                      *
ERROR at line 1:
ORA-00942: table or view does not exist


SQL> 
PL/SQL procedure successfully completed.

SQL> select object_id from orasup_t3_303154000 where object_id=:v_obj_id
                      *
ERROR at line 1:
ORA-00942: table or view does not exist


SQL> SQL> SQL> SQL>   2    3    4    5    6    7    8    9   10   11   12   13   14   15  update orasup_t3_303154000 set object_id=object_id+round(DBMS_RANDOM.value(0,100),0) where object_id=:v_obj_id;
       *
ERROR at line 8:
ORA-06550: line 8, column 8:
PL/SQL: ORA-00942: table or view does not exist
ORA-06550: line 8, column 1:
PL/SQL: SQL Statement ignored


SQL> SQL> SQL> SQL> Disconnected from Oracle Database 10g Enterprise Edition Release 10.2.0.5.0 - 64bit Production
With the Partitioning, Oracle Label Security, OLAP, Data Mining Scoring Engine
and Real Application Testing options
create table orasup_t3_694718000 as select * from dba_objects
                                                  *
ERROR at line 1:
ORA-01652: unable to extend temp segment by 128 in tablespace USERS


SQL> insert into orasup_t3_694718000 select * from orasup_t3_694718000
                                              *
ERROR at line 1:
ORA-00942: table or view does not exist


SQL> insert into orasup_t3_694718000 select * from orasup_t3_694718000
                                              *
ERROR at line 1:
ORA-00942: table or view does not exist


SQL> insert into orasup_t3_694718000 select * from orasup_t3_694718000
                                              *
ERROR at line 1:
ORA-00942: table or view does not exist


SQL> insert into orasup_t3_694718000 select * from orasup_t3_694718000
                                              *
ERROR at line 1:
ORA-00942: table or view does not exist


SQL> delete from orasup_t3_694718000 where rownum<=((select count(*) from orasup_t3_694718000)-500000)
            *
ERROR at line 1:
ORA-00942: table or view does not exist


SQL> 
Commit complete.

SQL> insert into orasup_t3_694718000 select * from orasup_t3_694718000 where rownum<=round(DBMS_RANDOM.value(0,400000),0)
                                              *
ERROR at line 1:
ORA-00942: table or view does not exist


SQL> 
Rollback complete.

SQL> delete from orasup_t3_694718000 where rownum<=round(DBMS_RANDOM.value(0,400000),0)
            *
ERROR at line 1:
ORA-00942: table or view does not exist


SQL> 
Rollback complete.

SQL> update orasup_t3_694718000 set object_id=1 where rownum<=round(DBMS_RANDOM.value(0,400000),0)
       *
ERROR at line 1:
ORA-00942: table or view does not exist


SQL> 
Rollback complete.

SQL> update orasup_t3_694718000 set object_id=rownum
       *
ERROR at line 1:
ORA-00942: table or view does not exist


SQL> 
Commit complete.

SQL> create index idx_t3 on orasup_t3_694718000(object_id)
                       *
ERROR at line 1:
ORA-00942: table or view does not exist


SQL> SQL> 
PL/SQL procedure successfully completed.

SQL> select object_id from orasup_t3_694718000 where object_id=:v_obj_id
                      *
ERROR at line 1:
ORA-00942: table or view does not exist


SQL> 
PL/SQL procedure successfully completed.

SQL> select object_id from orasup_t3_694718000 where object_id=:v_obj_id
                      *
ERROR at line 1:
ORA-00942: table or view does not exist


SQL> 
PL/SQL procedure successfully completed.

SQL> select object_id from orasup_t3_694718000 where object_id=:v_obj_id
                      *
ERROR at line 1:
ORA-00942: table or view does not exist


SQL> 
PL/SQL procedure successfully completed.

SQL> select object_id from orasup_t3_694718000 where object_id=:v_obj_id
                      *
ERROR at line 1:
ORA-00942: table or view does not exist


SQL> SQL> SQL> SQL>   2    3    4    5    6    7    8    9   10   11   12   13   14   15  update orasup_t3_694718000 set object_id=object_id+round(DBMS_RANDOM.value(0,100),0) where object_id=:v_obj_id;
       *
ERROR at line 8:
ORA-06550: line 8, column 8:
PL/SQL: ORA-00942: table or view does not exist
ORA-06550: line 8, column 1:
PL/SQL: SQL Statement ignored


SQL> SQL> SQL> SQL> Disconnected from Oracle Database 10g Enterprise Edition Release 10.2.0.5.0 - 64bit Production
With the Partitioning, Oracle Label Security, OLAP, Data Mining Scoring Engine
and Real Application Testing options
create table orasup_t3_246665000 as select * from dba_objects
                                                  *
ERROR at line 1:
ORA-01652: unable to extend temp segment by 8 in tablespace USERS


SQL> insert into orasup_t3_246665000 select * from orasup_t3_246665000
                                              *
ERROR at line 1:
ORA-00942: table or view does not exist


SQL> insert into orasup_t3_246665000 select * from orasup_t3_246665000
                                              *
ERROR at line 1:
ORA-00942: table or view does not exist


SQL> insert into orasup_t3_246665000 select * from orasup_t3_246665000
                                              *
ERROR at line 1:
ORA-00942: table or view does not exist


SQL> insert into orasup_t3_246665000 select * from orasup_t3_246665000
                                              *
ERROR at line 1:
ORA-00942: table or view does not exist


SQL> delete from orasup_t3_246665000 where rownum<=((select count(*) from orasup_t3_246665000)-500000)
            *
ERROR at line 1:
ORA-00942: table or view does not exist


SQL> 
Commit complete.

SQL> insert into orasup_t3_246665000 select * from orasup_t3_246665000 where rownum<=round(DBMS_RANDOM.value(0,400000),0)
                                              *
ERROR at line 1:
ORA-00942: table or view does not exist


SQL> 
Rollback complete.

SQL> delete from orasup_t3_246665000 where rownum<=round(DBMS_RANDOM.value(0,400000),0)
            *
ERROR at line 1:
ORA-00942: table or view does not exist


SQL> 
Rollback complete.

SQL> update orasup_t3_246665000 set object_id=1 where rownum<=round(DBMS_RANDOM.value(0,400000),0)
       *
ERROR at line 1:
ORA-00942: table or view does not exist


SQL> 
Rollback complete.

SQL> update orasup_t3_246665000 set object_id=rownum
       *
ERROR at line 1:
ORA-00942: table or view does not exist


SQL> 
Commit complete.

SQL> create index idx_t3 on orasup_t3_246665000(object_id)
                       *
ERROR at line 1:
ORA-00942: table or view does not exist


SQL> SQL> 
PL/SQL procedure successfully completed.

SQL> select object_id from orasup_t3_246665000 where object_id=:v_obj_id
                      *
ERROR at line 1:
ORA-00942: table or view does not exist


SQL> 
PL/SQL procedure successfully completed.

SQL> select object_id from orasup_t3_246665000 where object_id=:v_obj_id
                      *
ERROR at line 1:
ORA-00942: table or view does not exist


SQL> 
PL/SQL procedure successfully completed.

SQL> select object_id from orasup_t3_246665000 where object_id=:v_obj_id
                      *
ERROR at line 1:
ORA-00942: table or view does not exist


SQL> 
PL/SQL procedure successfully completed.

SQL> select object_id from orasup_t3_246665000 where object_id=:v_obj_id
                      *
ERROR at line 1:
ORA-00942: table or view does not exist


SQL> SQL> SQL> SQL>   2    3    4    5    6    7    8    9   10   11   12   13   14   15  update orasup_t3_246665000 set object_id=object_id+round(DBMS_RANDOM.value(0,100),0) where object_id=:v_obj_id;
       *
ERROR at line 8:
ORA-06550: line 8, column 8:
PL/SQL: ORA-00942: table or view does not exist
ORA-06550: line 8, column 1:
PL/SQL: SQL Statement ignored


SQL> SQL> SQL> SQL> Disconnected from Oracle Database 10g Enterprise Edition Release 10.2.0.5.0 - 64bit Production
With the Partitioning, Oracle Label Security, OLAP, Data Mining Scoring Engine
and Real Application Testing options
ERROR:
ORA-03114: not connected to ORACLE


delete from orasup_t3_196138000 where rownum<=round(DBMS_RANDOM.value(0,400000),0)
            *
ERROR at line 1:
ORA-00028: your session has been killed


SQL> ERROR:
ORA-03114: not connected to ORACLE


SQL> ERROR:
ORA-03114: not connected to ORACLE


SQL> ERROR:
ORA-03114: not connected to ORACLE


SQL> ERROR:
ORA-03114: not connected to ORACLE


SQL> ERROR:
ORA-03114: not connected to ORACLE


SQL> ERROR:
ORA-03114: not connected to ORACLE


SQL> SQL> ERROR:
ORA-03114: not connected to ORACLE


SQL> ERROR:
ORA-03114: not connected to ORACLE


ERROR:
ORA-03114: not connected to ORACLE


SQL> ERROR:
ORA-03114: not connected to ORACLE


SQL> ERROR:
ORA-03114: not connected to ORACLE


ERROR:
ORA-03114: not connected to ORACLE


SQL> ERROR:
ORA-03114: not connected to ORACLE


SQL> ERROR:
ORA-03114: not connected to ORACLE


ERROR:
ORA-03114: not connected to ORACLE


SQL> ERROR:
ORA-03114: not connected to ORACLE


SQL> ERROR:
ORA-03114: not connected to ORACLE


ERROR:
ORA-03114: not connected to ORACLE


SQL> SQL> SQL> SQL>   2    3    4    5    6    7    8    9   10   11   12   13   14   15  ERROR:
ORA-03114: not connected to ORACLE


SQL> SQL> SQL> SQL> Disconnected from Oracle Database 10g Enterprise Edition Release 10.2.0.5.0 - 64bit Production
With the Partitioning, Oracle Label Security, OLAP, Data Mining Scoring Engine
and Real Application Testing options

45808 rows deleted.

SQL> 
91612 rows updated.

SQL> 
Commit complete.

SQL> 
Rollback complete.

SQL> ERROR:
ORA-01012: not logged on


update orasup_t3_929745000 set object_id=1 where rownum<=round(DBMS_RANDOM.value(0,400000),0)
*
ERROR at line 1:
ORA-01012: not logged on


SQL> ERROR:
ORA-01012: not logged on


rollback
*
ERROR at line 1:
ORA-01012: not logged on


SQL> ERROR:
ORA-01012: not logged on


update orasup_t3_929745000 set object_id=rownum
*
ERROR at line 1:
ORA-01012: not logged on


SQL> ERROR:
ORA-01012: not logged on


commit
*
ERROR at line 1:
ORA-01012: not logged on


SQL> ERROR:
ORA-01012: not logged on


create index idx_t3 on orasup_t3_929745000(object_id)
*
ERROR at line 1:
ORA-01012: not logged on


SQL> SQL> BEGIN :v_obj_id:=round(DBMS_RANDOM.value(0,500000),0); END;

*
ERROR at line 1:
ORA-01012: not logged on


SQL> select object_id from orasup_t3_929745000 where object_id=:v_obj_id
*
ERROR at line 1:
ORA-01012: not logged on


ERROR:
ORA-01012: not logged on


SQL> BEGIN :v_obj_id:=round(DBMS_RANDOM.value(0,500000),0); END;

*
ERROR at line 1:
ORA-01012: not logged on


SQL> select object_id from orasup_t3_929745000 where object_id=:v_obj_id
*
ERROR at line 1:
ORA-01012: not logged on


ERROR:
ORA-01012: not logged on


SQL> BEGIN :v_obj_id:=round(DBMS_RANDOM.value(0,500000),0); END;

*
ERROR at line 1:
ORA-01012: not logged on


SQL> select object_id from orasup_t3_929745000 where object_id=:v_obj_id
*
ERROR at line 1:
ORA-01012: not logged on


ERROR:
ORA-01012: not logged on


SQL> BEGIN :v_obj_id:=round(DBMS_RANDOM.value(0,500000),0); END;

*
ERROR at line 1:
ORA-01012: not logged on


SQL> select object_id from orasup_t3_929745000 where object_id=:v_obj_id
*
ERROR at line 1:
ORA-01012: not logged on


ERROR:
ORA-01012: not logged on


SQL> SQL> SQL> SQL>   2    3    4    5    6    7    8    9   10   11   12   13   14   15  ERROR:
ORA-01012: not logged on


declare
*
ERROR at line 1:
ORA-01012: not logged on


SQL> SQL> SQL> SQL> Disconnected from Oracle Database 10g Enterprise Edition Release 10.2.0.5.0 - 64bit Production
With the Partitioning, Oracle Label Security, OLAP, Data Mining Scoring Engine
and Real Application Testing options

Index created.

SQL> SQL> BEGIN :v_obj_id:=round(DBMS_RANDOM.value(0,500000),0); END;

*
ERROR at line 1:
ORA-01012: not logged on


SQL> select object_id from orasup_t3_838504000 where object_id=:v_obj_id
*
ERROR at line 1:
ORA-01012: not logged on


ERROR:
ORA-01012: not logged on


SQL> BEGIN :v_obj_id:=round(DBMS_RANDOM.value(0,500000),0); END;

*
ERROR at line 1:
ORA-01012: not logged on


SQL> select object_id from orasup_t3_838504000 where object_id=:v_obj_id
*
ERROR at line 1:
ORA-01012: not logged on


ERROR:
ORA-01012: not logged on


SQL> BEGIN :v_obj_id:=round(DBMS_RANDOM.value(0,500000),0); END;

*
ERROR at line 1:
ORA-01012: not logged on


SQL> select object_id from orasup_t3_838504000 where object_id=:v_obj_id
*
ERROR at line 1:
ORA-01012: not logged on


ERROR:
ORA-01012: not logged on


SQL> BEGIN :v_obj_id:=round(DBMS_RANDOM.value(0,500000),0); END;

*
ERROR at line 1:
ORA-01012: not logged on


SQL> select object_id from orasup_t3_838504000 where object_id=:v_obj_id
*
ERROR at line 1:
ORA-01012: not logged on


ERROR:
ORA-01012: not logged on


SQL> SQL> SQL> SQL>   2    3    4    5    6    7    8    9   10   11   12   13   14   15  ERROR:
ORA-01012: not logged on


declare
*
ERROR at line 1:
ORA-01012: not logged on


SQL> SQL> SQL> SQL> Disconnected from Oracle Database 10g Enterprise Edition Release 10.2.0.5.0 - 64bit Production
With the Partitioning, Oracle Label Security, OLAP, Data Mining Scoring Engine
and Real Application Testing options

141355 rows deleted.

SQL> ERROR:
ORA-03114: not connected to ORACLE


delete from orasup_t3_679896000 where rownum<=round(DBMS_RANDOM.value(0,400000),0)
            *
ERROR at line 1:
ORA-00028: your session has been killed


SQL> ERROR:
ORA-03114: not connected to ORACLE


SQL> ERROR:
ORA-03114: not connected to ORACLE


SQL> ERROR:
ORA-03114: not connected to ORACLE


SQL> ERROR:
ORA-03114: not connected to ORACLE


SQL> ERROR:
ORA-03114: not connected to ORACLE


SQL> ERROR:
ORA-03114: not connected to ORACLE


SQL> SQL> ERROR:
ORA-03114: not connected to ORACLE


SQL> ERROR:
ORA-03114: not connected to ORACLE


ERROR:
ORA-03114: not connected to ORACLE


SQL> ERROR:
ORA-03114: not connected to ORACLE


SQL> ERROR:
ORA-03114: not connected to ORACLE


ERROR:
ORA-03114: not connected to ORACLE


SQL> ERROR:
ORA-03114: not connected to ORACLE


SQL> ERROR:
ORA-03114: not connected to ORACLE


ERROR:
ORA-03114: not connected to ORACLE


SQL> ERROR:
ORA-03114: not connected to ORACLE


SQL> ERROR:
ORA-03114: not connected to ORACLE


ERROR:
ORA-03114: not connected to ORACLE


SQL> SQL> SQL> SQL>   2    3    4    5    6    7    8    9   10   11   12   13   14   15  ERROR:
ORA-03114: not connected to ORACLE


SQL> SQL> SQL> SQL> Disconnected from Oracle Database 10g Enterprise Edition Release 10.2.0.5.0 - 64bit Production
With the Partitioning, Oracle Label Security, OLAP, Data Mining Scoring Engine
and Real Application Testing options

Rollback complete.

SQL> ERROR:
ORA-01012: not logged on


update orasup_t3_579815000 set object_id=1 where rownum<=round(DBMS_RANDOM.value(0,400000),0)
*
ERROR at line 1:
ORA-01012: not logged on


SQL> ERROR:
ORA-01012: not logged on


rollback
*
ERROR at line 1:
ORA-01012: not logged on


SQL> ERROR:
ORA-01012: not logged on


update orasup_t3_579815000 set object_id=rownum
*
ERROR at line 1:
ORA-01012: not logged on


SQL> ERROR:
ORA-01012: not logged on


commit
*
ERROR at line 1:
ORA-01012: not logged on


SQL> ERROR:
ORA-01012: not logged on


create index idx_t3 on orasup_t3_579815000(object_id)
*
ERROR at line 1:
ORA-01012: not logged on


SQL> SQL> BEGIN :v_obj_id:=round(DBMS_RANDOM.value(0,500000),0); END;

*
ERROR at line 1:
ORA-01012: not logged on


SQL> select object_id from orasup_t3_579815000 where object_id=:v_obj_id
*
ERROR at line 1:
ORA-01012: not logged on


ERROR:
ORA-01012: not logged on


SQL> BEGIN :v_obj_id:=round(DBMS_RANDOM.value(0,500000),0); END;

*
ERROR at line 1:
ORA-01012: not logged on


SQL> select object_id from orasup_t3_579815000 where object_id=:v_obj_id
*
ERROR at line 1:
ORA-01012: not logged on


ERROR:
ORA-01012: not logged on


SQL> BEGIN :v_obj_id:=round(DBMS_RANDOM.value(0,500000),0); END;

*
ERROR at line 1:
ORA-01012: not logged on


SQL> select object_id from orasup_t3_579815000 where object_id=:v_obj_id
*
ERROR at line 1:
ORA-01012: not logged on


ERROR:
ORA-01012: not logged on


SQL> BEGIN :v_obj_id:=round(DBMS_RANDOM.value(0,500000),0); END;

*
ERROR at line 1:
ORA-01012: not logged on


SQL> select object_id from orasup_t3_579815000 where object_id=:v_obj_id
*
ERROR at line 1:
ORA-01012: not logged on


ERROR:
ORA-01012: not logged on


SQL> SQL> SQL> SQL>   2    3    4    5    6    7    8    9   10   11   12   13   14   15  ERROR:
ORA-01012: not logged on


declare
*
ERROR at line 1:
ORA-01012: not logged on


SQL> SQL> SQL> SQL> Disconnected from Oracle Database 10g Enterprise Edition Release 10.2.0.5.0 - 64bit Production
With the Partitioning, Oracle Label Security, OLAP, Data Mining Scoring Engine
and Real Application Testing options
