
SQL*Plus: Release 10.2.0.5.0 - Production on Tue Sep 30 18:20:44 2014

Copyright (c) 1982, 2010, Oracle.  All Rights Reserved.


Connected to:
Oracle Database 10g Enterprise Edition Release 10.2.0.5.0 - 64bit Production
With the Partitioning, Oracle Label Security, OLAP, Data Mining Scoring Engine
and Real Application Testing options

SQL> SQL> SQL> 
PL/SQL procedure successfully completed.

SQL> drop table orasup_t2_649569000
           *
ERROR at line 1:
ORA-00942: table or view does not exist


SQL> 
Table created.

SQL> 
45798 rows created.

SQL> 
91596 rows created.

SQL> 
183192 rows created.

SQL> 
366384 rows created.

SQL> 
SQL*Plus: Release 10.2.0.5.0 - Production on Tue Sep 30 18:20:55 2014

Copyright (c) 1982, 2010, Oracle.  All Rights Reserved.


Connected to:
Oracle Database 10g Enterprise Edition Release 10.2.0.5.0 - 64bit Production
With the Partitioning, Oracle Label Security, OLAP, Data Mining Scoring Engine
and Real Application Testing options

SQL> SQL> SQL> 
PL/SQL procedure successfully completed.

SQL> drop table orasup_t2_805021000
           *
ERROR at line 1:
ORA-00942: table or view does not exist


SQL> 
SQL*Plus: Release 10.2.0.5.0 - Production on Tue Sep 30 18:21:05 2014

Copyright (c) 1982, 2010, Oracle.  All Rights Reserved.


Connected to:
Oracle Database 10g Enterprise Edition Release 10.2.0.5.0 - 64bit Production
With the Partitioning, Oracle Label Security, OLAP, Data Mining Scoring Engine
and Real Application Testing options

SQL> SQL> SQL> 
PL/SQL procedure successfully completed.

SQL> drop table orasup_t2_544238000
           *
ERROR at line 1:
ORA-00942: table or view does not exist


SQL> 
Table created.

SQL> 
SQL*Plus: Release 10.2.0.5.0 - Production on Tue Sep 30 18:21:10 2014

Copyright (c) 1982, 2010, Oracle.  All Rights Reserved.


Connected to:
Oracle Database 10g Enterprise Edition Release 10.2.0.5.0 - 64bit Production
With the Partitioning, Oracle Label Security, OLAP, Data Mining Scoring Engine
and Real Application Testing options

SQL> SQL> SQL> 
45800 rows created.

SQL> 
PL/SQL procedure successfully completed.

SQL> drop table orasup_t2_703549000
           *
ERROR at line 1:
ORA-00942: table or view does not exist


SQL> 
91600 rows created.

SQL> 
Table created.

SQL> 
SQL*Plus: Release 10.2.0.5.0 - Production on Tue Sep 30 18:21:21 2014

Copyright (c) 1982, 2010, Oracle.  All Rights Reserved.


Connected to:
Oracle Database 10g Enterprise Edition Release 10.2.0.5.0 - 64bit Production
With the Partitioning, Oracle Label Security, OLAP, Data Mining Scoring Engine
and Real Application Testing options

SQL> SQL> SQL> 
PL/SQL procedure successfully completed.

SQL> drop table orasup_t2_862035000
           *
ERROR at line 1:
ORA-00942: table or view does not exist


SQL> 
45800 rows created.

SQL> 
Table created.

SQL> 
SQL*Plus: Release 10.2.0.5.0 - Production on Tue Sep 30 18:21:30 2014

Copyright (c) 1982, 2010, Oracle.  All Rights Reserved.


Connected to:
Oracle Database 10g Enterprise Edition Release 10.2.0.5.0 - 64bit Production
With the Partitioning, Oracle Label Security, OLAP, Data Mining Scoring Engine
and Real Application Testing options

SQL> SQL> SQL> 
PL/SQL procedure successfully completed.

SQL> drop table orasup_t2_222999000
           *
ERROR at line 1:
ORA-00942: table or view does not exist


SQL> 
183200 rows created.

SQL> 
SQL*Plus: Release 10.2.0.5.0 - Production on Tue Sep 30 18:21:48 2014

Copyright (c) 1982, 2010, Oracle.  All Rights Reserved.


Connected to:
Oracle Database 10g Enterprise Edition Release 10.2.0.5.0 - 64bit Production
With the Partitioning, Oracle Label Security, OLAP, Data Mining Scoring Engine
and Real Application Testing options

SQL> SQL> SQL> 
45803 rows created.

SQL> 
PL/SQL procedure successfully completed.

SQL> drop table orasup_t2_729722000
           *
ERROR at line 1:
ORA-00942: table or view does not exist


SQL> 
Table created.

SQL> 
SQL*Plus: Release 10.2.0.5.0 - Production on Tue Sep 30 18:21:56 2014

Copyright (c) 1982, 2010, Oracle.  All Rights Reserved.


Connected to:
Oracle Database 10g Enterprise Edition Release 10.2.0.5.0 - 64bit Production
With the Partitioning, Oracle Label Security, OLAP, Data Mining Scoring Engine
and Real Application Testing options

SQL> SQL> SQL> 
PL/SQL procedure successfully completed.

SQL> drop table orasup_t2_316599000
           *
ERROR at line 1:
ORA-00942: table or view does not exist


SQL> 
232768 rows deleted.

SQL> 
Commit complete.

SQL> 
91600 rows created.

SQL> 
SQL*Plus: Release 10.2.0.5.0 - Production on Tue Sep 30 18:22:08 2014

Copyright (c) 1982, 2010, Oracle.  All Rights Reserved.


Connected to:
Oracle Database 10g Enterprise Edition Release 10.2.0.5.0 - 64bit Production
With the Partitioning, Oracle Label Security, OLAP, Data Mining Scoring Engine
and Real Application Testing options

SQL> SQL> SQL> 
PL/SQL procedure successfully completed.

SQL> drop table orasup_t2_895955000
           *
ERROR at line 1:
ORA-00942: table or view does not exist


SQL> insert into orasup_t2_805021000 select * from orasup_t2_805021000
*
ERROR at line 1:
ORA-01653: unable to extend table TEST_RAT.ORASUP_T2_805021000 by 128 in
tablespace USERS


SQL> 
0 rows deleted.

SQL> insert into orasup_t2_862035000 select * from orasup_t2_862035000
            *
ERROR at line 1:
ORA-01653: unable to extend table TEST_RAT.ORASUP_T2_862035000 by 128 in
tablespace USERS


SQL> insert into orasup_t2_703549000 select * from orasup_t2_703549000
            *
ERROR at line 1:
ORA-01653: unable to extend table TEST_RAT.ORASUP_T2_703549000 by 128 in
tablespace USERS


SQL> create table orasup_t2_222999000 as select * from dba_objects
                                                  *
ERROR at line 1:
ORA-01652: unable to extend temp segment by 128 in tablespace USERS


SQL> insert into orasup_t2_544238000 select * from orasup_t2_544238000
*
ERROR at line 1:
ORA-01653: unable to extend table TEST_RAT.ORASUP_T2_544238000 by 128 in
tablespace USERS


SQL> insert into orasup_t2_222999000 select * from orasup_t2_222999000
                                              *
ERROR at line 1:
ORA-00942: table or view does not exist


SQL> insert into orasup_t2_222999000 select * from orasup_t2_222999000
                                              *
ERROR at line 1:
ORA-00942: table or view does not exist


SQL> insert into orasup_t2_222999000 select * from orasup_t2_222999000
                                              *
ERROR at line 1:
ORA-00942: table or view does not exist


SQL> insert into orasup_t2_222999000 select * from orasup_t2_222999000
                                              *
ERROR at line 1:
ORA-00942: table or view does not exist


SQL> delete from orasup_t2_222999000 where rownum<=((select count(*) from orasup_t2_222999000)-500000)
            *
ERROR at line 1:
ORA-00942: table or view does not exist


SQL> 
Commit complete.

SQL> insert into orasup_t2_222999000 select * from orasup_t2_222999000 where rownum<=round(DBMS_RANDOM.value(0,400000),0)
                                              *
ERROR at line 1:
ORA-00942: table or view does not exist


SQL> 
Rollback complete.

SQL> delete from orasup_t2_222999000 where rownum<=round(DBMS_RANDOM.value(0,400000),0)
            *
ERROR at line 1:
ORA-00942: table or view does not exist


SQL> 
Rollback complete.

SQL> update orasup_t2_222999000 set object_id=1 where rownum<=round(DBMS_RANDOM.value(0,400000),0)
       *
ERROR at line 1:
ORA-00942: table or view does not exist


SQL> 
Rollback complete.

SQL> update orasup_t2_222999000 set object_id=rownum
       *
ERROR at line 1:
ORA-00942: table or view does not exist


SQL> 
Commit complete.

SQL> create index idx_t2 on orasup_t2_222999000(object_id)
                       *
ERROR at line 1:
ORA-00942: table or view does not exist


SQL> SQL> 
PL/SQL procedure successfully completed.

SQL> select object_id from orasup_t2_222999000 where object_id=:v_obj_id
                      *
ERROR at line 1:
ORA-00942: table or view does not exist


SQL> 
PL/SQL procedure successfully completed.

SQL> select object_id from orasup_t2_222999000 where object_id=:v_obj_id
                      *
ERROR at line 1:
ORA-00942: table or view does not exist


SQL> 
PL/SQL procedure successfully completed.

SQL> select object_id from orasup_t2_222999000 where object_id=:v_obj_id
                      *
ERROR at line 1:
ORA-00942: table or view does not exist


SQL> 
PL/SQL procedure successfully completed.

SQL> select object_id from orasup_t2_222999000 where object_id=:v_obj_id
                      *
ERROR at line 1:
ORA-00942: table or view does not exist


SQL> SQL> SQL> SQL>   2    3    4    5    6    7    8    9   10   11   12   13   14   15  update orasup_t2_222999000 set object_id=object_id+round(DBMS_RANDOM.value(0,100),0) where object_id=:v_obj_id;
       *
ERROR at line 8:
ORA-06550: line 8, column 8:
PL/SQL: ORA-00942: table or view does not exist
ORA-06550: line 8, column 1:
PL/SQL: SQL Statement ignored


SQL> SQL> SQL> SQL> Disconnected from Oracle Database 10g Enterprise Edition Release 10.2.0.5.0 - 64bit Production
With the Partitioning, Oracle Label Security, OLAP, Data Mining Scoring Engine
and Real Application Testing options

Commit complete.

SQL> insert into orasup_t2_649569000 select * from orasup_t2_649569000 where rownum<=round(DBMS_RANDOM.value(0,400000),0)
            *
ERROR at line 1:
ORA-01653: unable to extend table TEST_RAT.ORASUP_T2_649569000 by 128 in
tablespace USERS


SQL> 
Rollback complete.

SQL> 
SQL*Plus: Release 10.2.0.5.0 - Production on Tue Sep 30 18:22:21 2014

Copyright (c) 1982, 2010, Oracle.  All Rights Reserved.


Connected to:
Oracle Database 10g Enterprise Edition Release 10.2.0.5.0 - 64bit Production
With the Partitioning, Oracle Label Security, OLAP, Data Mining Scoring Engine
and Real Application Testing options

SQL> SQL> SQL> 
PL/SQL procedure successfully completed.

SQL> drop table orasup_t2_222999000
           *
ERROR at line 1:
ORA-00942: table or view does not exist


SQL> insert into orasup_t2_862035000 select * from orasup_t2_862035000
            *
ERROR at line 1:
ORA-01653: unable to extend table TEST_RAT.ORASUP_T2_862035000 by 128 in
tablespace USERS


SQL> insert into orasup_t2_544238000 select * from orasup_t2_544238000
*
ERROR at line 1:
ORA-01653: unable to extend table TEST_RAT.ORASUP_T2_544238000 by 128 in
tablespace USERS


SQL> insert into orasup_t2_703549000 select * from orasup_t2_703549000
*
ERROR at line 1:
ORA-01653: unable to extend table TEST_RAT.ORASUP_T2_703549000 by 128 in
tablespace USERS


SQL> 
0 rows deleted.

SQL> insert into orasup_t2_805021000 select * from orasup_t2_805021000 where rownum<=round(DBMS_RANDOM.value(0,400000),0)
            *
ERROR at line 1:
ORA-01653: unable to extend table TEST_RAT.ORASUP_T2_805021000 by 128 in
tablespace USERS


SQL> 
Rollback complete.

SQL> 
Commit complete.

SQL> insert into orasup_t2_862035000 select * from orasup_t2_862035000
*
ERROR at line 1:
ORA-01653: unable to extend table TEST_RAT.ORASUP_T2_862035000 by 128 in
tablespace USERS


SQL> insert into orasup_t2_544238000 select * from orasup_t2_544238000 where rownum<=round(DBMS_RANDOM.value(0,400000),0)
            *
ERROR at line 1:
ORA-01653: unable to extend table TEST_RAT.ORASUP_T2_544238000 by 128 in
tablespace USERS


SQL> 
Rollback complete.

SQL> insert into orasup_t2_703549000 select * from orasup_t2_703549000
*
ERROR at line 1:
ORA-01653: unable to extend table TEST_RAT.ORASUP_T2_703549000 by 128 in
tablespace USERS


SQL> create table orasup_t2_729722000 as select * from dba_objects
                                                  *
ERROR at line 1:
ORA-01652: unable to extend temp segment by 128 in tablespace USERS


SQL> insert into orasup_t2_729722000 select * from orasup_t2_729722000
                                              *
ERROR at line 1:
ORA-00942: table or view does not exist


SQL> 
0 rows deleted.

SQL> insert into orasup_t2_729722000 select * from orasup_t2_729722000
                                              *
ERROR at line 1:
ORA-00942: table or view does not exist


SQL> insert into orasup_t2_729722000 select * from orasup_t2_729722000
                                              *
ERROR at line 1:
ORA-00942: table or view does not exist


SQL> insert into orasup_t2_729722000 select * from orasup_t2_729722000
                                              *
ERROR at line 1:
ORA-00942: table or view does not exist


SQL> delete from orasup_t2_729722000 where rownum<=((select count(*) from orasup_t2_729722000)-500000)
            *
ERROR at line 1:
ORA-00942: table or view does not exist


SQL> 
Commit complete.

SQL> insert into orasup_t2_729722000 select * from orasup_t2_729722000 where rownum<=round(DBMS_RANDOM.value(0,400000),0)
                                              *
ERROR at line 1:
ORA-00942: table or view does not exist


SQL> 
Rollback complete.

SQL> delete from orasup_t2_729722000 where rownum<=round(DBMS_RANDOM.value(0,400000),0)
            *
ERROR at line 1:
ORA-00942: table or view does not exist


SQL> 
Rollback complete.

SQL> update orasup_t2_729722000 set object_id=1 where rownum<=round(DBMS_RANDOM.value(0,400000),0)
       *
ERROR at line 1:
ORA-00942: table or view does not exist


SQL> 
Rollback complete.

SQL> update orasup_t2_729722000 set object_id=rownum
       *
ERROR at line 1:
ORA-00942: table or view does not exist


SQL> 
Commit complete.

SQL> create index idx_t2 on orasup_t2_729722000(object_id)
                       *
ERROR at line 1:
ORA-00942: table or view does not exist


SQL> SQL> 
PL/SQL procedure successfully completed.

SQL> select object_id from orasup_t2_729722000 where object_id=:v_obj_id
                      *
ERROR at line 1:
ORA-00942: table or view does not exist


SQL> 
PL/SQL procedure successfully completed.

SQL> select object_id from orasup_t2_729722000 where object_id=:v_obj_id
                      *
ERROR at line 1:
ORA-00942: table or view does not exist


SQL> 
PL/SQL procedure successfully completed.

SQL> select object_id from orasup_t2_729722000 where object_id=:v_obj_id
                      *
ERROR at line 1:
ORA-00942: table or view does not exist


SQL> 
PL/SQL procedure successfully completed.

SQL> select object_id from orasup_t2_729722000 where object_id=:v_obj_id
                      *
ERROR at line 1:
ORA-00942: table or view does not exist


SQL> SQL> SQL> SQL>   2    3    4    5    6    7    8    9   10   11   12   13   14   15  update orasup_t2_729722000 set object_id=object_id+round(DBMS_RANDOM.value(0,100),0) where object_id=:v_obj_id;
       *
ERROR at line 8:
ORA-06550: line 8, column 8:
PL/SQL: ORA-00942: table or view does not exist
ORA-06550: line 8, column 1:
PL/SQL: SQL Statement ignored


SQL> SQL> SQL> SQL> Disconnected from Oracle Database 10g Enterprise Edition Release 10.2.0.5.0 - 64bit Production
With the Partitioning, Oracle Label Security, OLAP, Data Mining Scoring Engine
and Real Application Testing options

Commit complete.

SQL> insert into orasup_t2_862035000 select * from orasup_t2_862035000
*
ERROR at line 1:
ORA-01653: unable to extend table TEST_RAT.ORASUP_T2_862035000 by 128 in
tablespace USERS


SQL> 
0 rows deleted.

SQL> 
Commit complete.

SQL> 
SQL*Plus: Release 10.2.0.5.0 - Production on Tue Sep 30 18:22:50 2014

Copyright (c) 1982, 2010, Oracle.  All Rights Reserved.


Connected to:
Oracle Database 10g Enterprise Edition Release 10.2.0.5.0 - 64bit Production
With the Partitioning, Oracle Label Security, OLAP, Data Mining Scoring Engine
and Real Application Testing options

SQL> SQL> SQL> 
PL/SQL procedure successfully completed.

SQL> drop table orasup_t2_729722000
           *
ERROR at line 1:
ORA-00942: table or view does not exist


SQL> create table orasup_t2_316599000 as select * from dba_objects
                                                  *
ERROR at line 1:
ORA-01652: unable to extend temp segment by 8 in tablespace USERS


SQL> create table orasup_t2_729722000 as select * from dba_objects
                                                  *
ERROR at line 1:
ORA-01658: unable to create INITIAL extent for segment in tablespace USERS


SQL> insert into orasup_t2_316599000 select * from orasup_t2_316599000
                                              *
ERROR at line 1:
ORA-00942: table or view does not exist


SQL> insert into orasup_t2_729722000 select * from orasup_t2_729722000
                                              *
ERROR at line 1:
ORA-00942: table or view does not exist


SQL> insert into orasup_t2_729722000 select * from orasup_t2_729722000
                                              *
ERROR at line 1:
ORA-00942: table or view does not exist


SQL> insert into orasup_t2_316599000 select * from orasup_t2_316599000
                                              *
ERROR at line 1:
ORA-00942: table or view does not exist


SQL> insert into orasup_t2_316599000 select * from orasup_t2_316599000
                                              *
ERROR at line 1:
ORA-00942: table or view does not exist


SQL> insert into orasup_t2_729722000 select * from orasup_t2_729722000
                                              *
ERROR at line 1:
ORA-00942: table or view does not exist


SQL> insert into orasup_t2_316599000 select * from orasup_t2_316599000
                                              *
ERROR at line 1:
ORA-00942: table or view does not exist


SQL> delete from orasup_t2_316599000 where rownum<=((select count(*) from orasup_t2_316599000)-500000)
            *
ERROR at line 1:
ORA-00942: table or view does not exist


SQL> insert into orasup_t2_729722000 select * from orasup_t2_729722000
                                              *
ERROR at line 1:
ORA-00942: table or view does not exist


SQL> 
Commit complete.

SQL> delete from orasup_t2_729722000 where rownum<=((select count(*) from orasup_t2_729722000)-500000)
            *
ERROR at line 1:
ORA-00942: table or view does not exist


SQL> insert into orasup_t2_316599000 select * from orasup_t2_316599000 where rownum<=round(DBMS_RANDOM.value(0,400000),0)
                                              *
ERROR at line 1:
ORA-00942: table or view does not exist


SQL> 
Rollback complete.

SQL> 
Commit complete.

SQL> delete from orasup_t2_316599000 where rownum<=round(DBMS_RANDOM.value(0,400000),0)
            *
ERROR at line 1:
ORA-00942: table or view does not exist


SQL> 
Rollback complete.

SQL> update orasup_t2_316599000 set object_id=1 where rownum<=round(DBMS_RANDOM.value(0,400000),0)
       *
ERROR at line 1:
ORA-00942: table or view does not exist


SQL> insert into orasup_t2_729722000 select * from orasup_t2_729722000 where rownum<=round(DBMS_RANDOM.value(0,400000),0)
                                              *
ERROR at line 1:
ORA-00942: table or view does not exist


SQL> 
Rollback complete.

SQL> 
Rollback complete.

SQL> update orasup_t2_316599000 set object_id=rownum
       *
ERROR at line 1:
ORA-00942: table or view does not exist


SQL> 
Commit complete.

SQL> delete from orasup_t2_729722000 where rownum<=round(DBMS_RANDOM.value(0,400000),0)
            *
ERROR at line 1:
ORA-00942: table or view does not exist


SQL> create index idx_t2 on orasup_t2_316599000(object_id)
                       *
ERROR at line 1:
ORA-00942: table or view does not exist


SQL> SQL> 
Rollback complete.

SQL> 
PL/SQL procedure successfully completed.

SQL> select object_id from orasup_t2_316599000 where object_id=:v_obj_id
                      *
ERROR at line 1:
ORA-00942: table or view does not exist


SQL> 
PL/SQL procedure successfully completed.

SQL> update orasup_t2_729722000 set object_id=1 where rownum<=round(DBMS_RANDOM.value(0,400000),0)
       *
ERROR at line 1:
ORA-00942: table or view does not exist


SQL> select object_id from orasup_t2_316599000 where object_id=:v_obj_id
                      *
ERROR at line 1:
ORA-00942: table or view does not exist



Rollback complete.

SQL> SQL> 
PL/SQL procedure successfully completed.

SQL> update orasup_t2_729722000 set object_id=rownum
       *
ERROR at line 1:
ORA-00942: table or view does not exist


SQL> select object_id from orasup_t2_316599000 where object_id=:v_obj_id
                      *
ERROR at line 1:
ORA-00942: table or view does not exist


SQL> 
PL/SQL procedure successfully completed.

SQL> 
Commit complete.

SQL> select object_id from orasup_t2_316599000 where object_id=:v_obj_id
                      *
ERROR at line 1:
ORA-00942: table or view does not exist


SQL> SQL> SQL> SQL>   2    3    4    5    6    7    8    9   10   11   12   13   14   15  create index idx_t2 on orasup_t2_729722000(object_id)
                       *
ERROR at line 1:
ORA-00942: table or view does not exist


SQL> SQL> update orasup_t2_316599000 set object_id=object_id+round(DBMS_RANDOM.value(0,100),0) where object_id=:v_obj_id;
       *
ERROR at line 8:
ORA-06550: line 8, column 8:
PL/SQL: ORA-00942: table or view does not exist
ORA-06550: line 8, column 1:
PL/SQL: SQL Statement ignored


SQL> SQL> SQL> SQL> Disconnected from Oracle Database 10g Enterprise Edition Release 10.2.0.5.0 - 64bit Production
With the Partitioning, Oracle Label Security, OLAP, Data Mining Scoring Engine
and Real Application Testing options

PL/SQL procedure successfully completed.

SQL> select object_id from orasup_t2_729722000 where object_id=:v_obj_id
                      *
ERROR at line 1:
ORA-00942: table or view does not exist


SQL> 
PL/SQL procedure successfully completed.

SQL> select object_id from orasup_t2_729722000 where object_id=:v_obj_id
                      *
ERROR at line 1:
ORA-00942: table or view does not exist


SQL> 
PL/SQL procedure successfully completed.

SQL> select object_id from orasup_t2_729722000 where object_id=:v_obj_id
                      *
ERROR at line 1:
ORA-00942: table or view does not exist


SQL> 
PL/SQL procedure successfully completed.

SQL> select object_id from orasup_t2_729722000 where object_id=:v_obj_id
                      *
ERROR at line 1:
ORA-00942: table or view does not exist


SQL> SQL> SQL> SQL>   2    3    4    5    6    7    8    9   10   11   12   13   14   15  update orasup_t2_729722000 set object_id=object_id+round(DBMS_RANDOM.value(0,100),0) where object_id=:v_obj_id;
       *
ERROR at line 8:
ORA-06550: line 8, column 8:
PL/SQL: ORA-00942: table or view does not exist
ORA-06550: line 8, column 1:
PL/SQL: SQL Statement ignored


SQL> SQL> SQL> SQL> Disconnected from Oracle Database 10g Enterprise Edition Release 10.2.0.5.0 - 64bit Production
With the Partitioning, Oracle Label Security, OLAP, Data Mining Scoring Engine
and Real Application Testing options
create table orasup_t2_895955000 as select * from dba_objects
                                                  *
ERROR at line 1:
ORA-01652: unable to extend temp segment by 8 in tablespace USERS


SQL> create table orasup_t2_222999000 as select * from dba_objects
                                                  *
ERROR at line 1:
ORA-01652: unable to extend temp segment by 8 in tablespace USERS


SQL> insert into orasup_t2_895955000 select * from orasup_t2_895955000
                                              *
ERROR at line 1:
ORA-00942: table or view does not exist


SQL> insert into orasup_t2_222999000 select * from orasup_t2_222999000
                                              *
ERROR at line 1:
ORA-00942: table or view does not exist


SQL> insert into orasup_t2_895955000 select * from orasup_t2_895955000
                                              *
ERROR at line 1:
ORA-00942: table or view does not exist


SQL> insert into orasup_t2_222999000 select * from orasup_t2_222999000
                                              *
ERROR at line 1:
ORA-00942: table or view does not exist


SQL> insert into orasup_t2_895955000 select * from orasup_t2_895955000
                                              *
ERROR at line 1:
ORA-00942: table or view does not exist


SQL> insert into orasup_t2_895955000 select * from orasup_t2_895955000
                                              *
ERROR at line 1:
ORA-00942: table or view does not exist


SQL> insert into orasup_t2_222999000 select * from orasup_t2_222999000
                                              *
ERROR at line 1:
ORA-00942: table or view does not exist


SQL> delete from orasup_t2_895955000 where rownum<=((select count(*) from orasup_t2_895955000)-500000)
            *
ERROR at line 1:
ORA-00942: table or view does not exist


SQL> 
Commit complete.

SQL> insert into orasup_t2_222999000 select * from orasup_t2_222999000
                                              *
ERROR at line 1:
ORA-00942: table or view does not exist


SQL> insert into orasup_t2_895955000 select * from orasup_t2_895955000 where rownum<=round(DBMS_RANDOM.value(0,400000),0)
                                              *
ERROR at line 1:
ORA-00942: table or view does not exist


SQL> 
Rollback complete.

SQL> delete from orasup_t2_222999000 where rownum<=((select count(*) from orasup_t2_222999000)-500000)
            *
ERROR at line 1:
ORA-00942: table or view does not exist


SQL> 
Commit complete.

SQL> delete from orasup_t2_895955000 where rownum<=round(DBMS_RANDOM.value(0,400000),0)
            *
ERROR at line 1:
ORA-00942: table or view does not exist


SQL> 
Rollback complete.

SQL> insert into orasup_t2_222999000 select * from orasup_t2_222999000 where rownum<=round(DBMS_RANDOM.value(0,400000),0)
                                              *
ERROR at line 1:
ORA-00942: table or view does not exist


SQL> 
Rollback complete.

SQL> update orasup_t2_895955000 set object_id=1 where rownum<=round(DBMS_RANDOM.value(0,400000),0)
       *
ERROR at line 1:
ORA-00942: table or view does not exist


SQL> 
Rollback complete.

SQL> update orasup_t2_895955000 set object_id=rownum
       *
ERROR at line 1:
ORA-00942: table or view does not exist


SQL> 
Commit complete.

SQL> delete from orasup_t2_222999000 where rownum<=round(DBMS_RANDOM.value(0,400000),0)
            *
ERROR at line 1:
ORA-00942: table or view does not exist


SQL> 
Rollback complete.

SQL> create index idx_t2 on orasup_t2_895955000(object_id)
                       *
ERROR at line 1:
ORA-00942: table or view does not exist


SQL> SQL> 
PL/SQL procedure successfully completed.

SQL> update orasup_t2_222999000 set object_id=1 where rownum<=round(DBMS_RANDOM.value(0,400000),0)
       *
ERROR at line 1:
ORA-00942: table or view does not exist


SQL> 
Rollback complete.

SQL> select object_id from orasup_t2_895955000 where object_id=:v_obj_id
                      *
ERROR at line 1:
ORA-00942: table or view does not exist


SQL> 
PL/SQL procedure successfully completed.

SQL> update orasup_t2_222999000 set object_id=rownum
       *
ERROR at line 1:
ORA-00942: table or view does not exist


SQL> 
Commit complete.

SQL> select object_id from orasup_t2_895955000 where object_id=:v_obj_id
                      *
ERROR at line 1:
ORA-00942: table or view does not exist


SQL> 
PL/SQL procedure successfully completed.

SQL> create index idx_t2 on orasup_t2_222999000(object_id)
                       *
ERROR at line 1:
ORA-00942: table or view does not exist


SQL> SQL> 
PL/SQL procedure successfully completed.

SQL> select object_id from orasup_t2_895955000 where object_id=:v_obj_id
                      *
ERROR at line 1:
ORA-00942: table or view does not exist


select object_id from orasup_t2_222999000 where object_id=:v_obj_id
                      *
ERROR at line 1:
ORA-00942: table or view does not exist


SQL> 
PL/SQL procedure successfully completed.

SQL> SQL> 
PL/SQL procedure successfully completed.

SQL> select object_id from orasup_t2_895955000 where object_id=:v_obj_id
                      *
ERROR at line 1:
ORA-00942: table or view does not exist


select object_id from orasup_t2_222999000 where object_id=:v_obj_id
                      *
ERROR at line 1:
ORA-00942: table or view does not exist


SQL> SQL> SQL> SQL>   2    3    4    5    6    7    8    9   10   11   12   13   14   15  SQL> 
PL/SQL procedure successfully completed.

SQL> select object_id from orasup_t2_222999000 where object_id=:v_obj_id
                      *
ERROR at line 1:
ORA-00942: table or view does not exist


SQL> 
PL/SQL procedure successfully completed.

SQL> update orasup_t2_895955000 set object_id=object_id+round(DBMS_RANDOM.value(0,100),0) where object_id=:v_obj_id;
       *
ERROR at line 8:
ORA-06550: line 8, column 8:
PL/SQL: ORA-00942: table or view does not exist
ORA-06550: line 8, column 1:
PL/SQL: SQL Statement ignored


SQL> SQL> SQL> SQL> Disconnected from Oracle Database 10g Enterprise Edition Release 10.2.0.5.0 - 64bit Production
With the Partitioning, Oracle Label Security, OLAP, Data Mining Scoring Engine
and Real Application Testing options
select object_id from orasup_t2_222999000 where object_id=:v_obj_id
                      *
ERROR at line 1:
ORA-00942: table or view does not exist


SQL> SQL> SQL> SQL>   2    3    4    5    6    7    8    9   10   11   12   13   14   15  update orasup_t2_222999000 set object_id=object_id+round(DBMS_RANDOM.value(0,100),0) where object_id=:v_obj_id;
       *
ERROR at line 8:
ORA-06550: line 8, column 8:
PL/SQL: ORA-00942: table or view does not exist
ORA-06550: line 8, column 1:
PL/SQL: SQL Statement ignored


SQL> SQL> SQL> SQL> Disconnected from Oracle Database 10g Enterprise Edition Release 10.2.0.5.0 - 64bit Production
With the Partitioning, Oracle Label Security, OLAP, Data Mining Scoring Engine
and Real Application Testing options

SQL*Plus: Release 10.2.0.5.0 - Production on Tue Sep 30 18:23:01 2014

Copyright (c) 1982, 2010, Oracle.  All Rights Reserved.


45806 rows created.

SQL> 
SQL*Plus: Release 10.2.0.5.0 - Production on Tue Sep 30 18:23:01 2014

Copyright (c) 1982, 2010, Oracle.  All Rights Reserved.


Connected to:
Oracle Database 10g Enterprise Edition Release 10.2.0.5.0 - 64bit Production
With the Partitioning, Oracle Label Security, OLAP, Data Mining Scoring Engine
and Real Application Testing options

SQL> SQL> SQL> 
Connected to:
Oracle Database 10g Enterprise Edition Release 10.2.0.5.0 - 64bit Production
With the Partitioning, Oracle Label Security, OLAP, Data Mining Scoring Engine
and Real Application Testing options

SQL> SQL> SQL> 
SQL*Plus: Release 10.2.0.5.0 - Production on Tue Sep 30 18:23:02 2014

Copyright (c) 1982, 2010, Oracle.  All Rights Reserved.


SQL*Plus: Release 10.2.0.5.0 - Production on Tue Sep 30 18:23:02 2014

Copyright (c) 1982, 2010, Oracle.  All Rights Reserved.


Connected to:
Oracle Database 10g Enterprise Edition Release 10.2.0.5.0 - 64bit Production
With the Partitioning, Oracle Label Security, OLAP, Data Mining Scoring Engine
and Real Application Testing options

SQL> SQL> SQL> 
Connected to:
Oracle Database 10g Enterprise Edition Release 10.2.0.5.0 - 64bit Production
With the Partitioning, Oracle Label Security, OLAP, Data Mining Scoring Engine
and Real Application Testing options

SQL> SQL> SQL> 
PL/SQL procedure successfully completed.

SQL> drop table orasup_t2_895955000
           *
ERROR at line 1:
ORA-00942: table or view does not exist


SQL> 
Rollback complete.

SQL> 
PL/SQL procedure successfully completed.

SQL> 
PL/SQL procedure successfully completed.

SQL> insert into orasup_t2_703549000 select * from orasup_t2_703549000 where rownum<=round(DBMS_RANDOM.value(0,400000),0)
            *
ERROR at line 1:
ORA-01653: unable to extend table TEST_RAT.ORASUP_T2_703549000 by 128 in
tablespace USERS


SQL> 
Rollback complete.

SQL> 
2802 rows deleted.

SQL> drop table orasup_t2_729722000
           *
ERROR at line 1:
ORA-00942: table or view does not exist


SQL> drop table orasup_t2_316599000
           *
ERROR at line 1:
ORA-00942: table or view does not exist


SQL> 
PL/SQL procedure successfully completed.

SQL> 
Rollback complete.

SQL> drop table orasup_t2_222999000
           *
ERROR at line 1:
ORA-00942: table or view does not exist


SQL> create table orasup_t2_222999000 as select * from dba_objects
                                                  *
ERROR at line 1:
ORA-01652: unable to extend temp segment by 8 in tablespace USERS


SQL> insert into orasup_t2_222999000 select * from orasup_t2_222999000
                                              *
ERROR at line 1:
ORA-00942: table or view does not exist


SQL> insert into orasup_t2_222999000 select * from orasup_t2_222999000
                                              *
ERROR at line 1:
ORA-00942: table or view does not exist


SQL> insert into orasup_t2_222999000 select * from orasup_t2_222999000
                                              *
ERROR at line 1:
ORA-00942: table or view does not exist


SQL> insert into orasup_t2_222999000 select * from orasup_t2_222999000
                                              *
ERROR at line 1:
ORA-00942: table or view does not exist


SQL> delete from orasup_t2_222999000 where rownum<=((select count(*) from orasup_t2_222999000)-500000)
            *
ERROR at line 1:
ORA-00942: table or view does not exist


SQL> 
Commit complete.

SQL> insert into orasup_t2_222999000 select * from orasup_t2_222999000 where rownum<=round(DBMS_RANDOM.value(0,400000),0)
                                              *
ERROR at line 1:
ORA-00942: table or view does not exist


SQL> 
Rollback complete.

SQL> delete from orasup_t2_222999000 where rownum<=round(DBMS_RANDOM.value(0,400000),0)
            *
ERROR at line 1:
ORA-00942: table or view does not exist


SQL> 
Rollback complete.

SQL> update orasup_t2_222999000 set object_id=1 where rownum<=round(DBMS_RANDOM.value(0,400000),0)
       *
ERROR at line 1:
ORA-00942: table or view does not exist


SQL> 
Rollback complete.

SQL> update orasup_t2_222999000 set object_id=rownum
       *
ERROR at line 1:
ORA-00942: table or view does not exist


SQL> 
Commit complete.

SQL> create index idx_t2 on orasup_t2_222999000(object_id)
                       *
ERROR at line 1:
ORA-00942: table or view does not exist


SQL> SQL> 
PL/SQL procedure successfully completed.

SQL> select object_id from orasup_t2_222999000 where object_id=:v_obj_id
                      *
ERROR at line 1:
ORA-00942: table or view does not exist


SQL> 
PL/SQL procedure successfully completed.

SQL> select object_id from orasup_t2_222999000 where object_id=:v_obj_id
                      *
ERROR at line 1:
ORA-00942: table or view does not exist


SQL> 
PL/SQL procedure successfully completed.

SQL> select object_id from orasup_t2_222999000 where object_id=:v_obj_id
                      *
ERROR at line 1:
ORA-00942: table or view does not exist


SQL> 
PL/SQL procedure successfully completed.

SQL> select object_id from orasup_t2_222999000 where object_id=:v_obj_id
                      *
ERROR at line 1:
ORA-00942: table or view does not exist


SQL> SQL> SQL> SQL>   2    3    4    5    6    7    8    9   10   11   12   13   14   15  update orasup_t2_222999000 set object_id=object_id+round(DBMS_RANDOM.value(0,100),0) where object_id=:v_obj_id;
       *
ERROR at line 8:
ORA-06550: line 8, column 8:
PL/SQL: ORA-00942: table or view does not exist
ORA-06550: line 8, column 1:
PL/SQL: SQL Statement ignored


SQL> SQL> SQL> SQL> Disconnected from Oracle Database 10g Enterprise Edition Release 10.2.0.5.0 - 64bit Production
With the Partitioning, Oracle Label Security, OLAP, Data Mining Scoring Engine
and Real Application Testing options
create table orasup_t2_316599000 as select * from dba_objects
                                                  *
ERROR at line 1:
ORA-01652: unable to extend temp segment by 8 in tablespace USERS


SQL> insert into orasup_t2_316599000 select * from orasup_t2_316599000
                                              *
ERROR at line 1:
ORA-00942: table or view does not exist


SQL> insert into orasup_t2_316599000 select * from orasup_t2_316599000
                                              *
ERROR at line 1:
ORA-00942: table or view does not exist


SQL> insert into orasup_t2_316599000 select * from orasup_t2_316599000
                                              *
ERROR at line 1:
ORA-00942: table or view does not exist


SQL> insert into orasup_t2_316599000 select * from orasup_t2_316599000
                                              *
ERROR at line 1:
ORA-00942: table or view does not exist


SQL> delete from orasup_t2_316599000 where rownum<=((select count(*) from orasup_t2_316599000)-500000)
            *
ERROR at line 1:
ORA-00942: table or view does not exist


SQL> 
Commit complete.

SQL> insert into orasup_t2_316599000 select * from orasup_t2_316599000 where rownum<=round(DBMS_RANDOM.value(0,400000),0)
                                              *
ERROR at line 1:
ORA-00942: table or view does not exist


SQL> 
Rollback complete.

SQL> delete from orasup_t2_316599000 where rownum<=round(DBMS_RANDOM.value(0,400000),0)
            *
ERROR at line 1:
ORA-00942: table or view does not exist


SQL> 
Rollback complete.

SQL> update orasup_t2_316599000 set object_id=1 where rownum<=round(DBMS_RANDOM.value(0,400000),0)
       *
ERROR at line 1:
ORA-00942: table or view does not exist


SQL> 
Rollback complete.

SQL> update orasup_t2_316599000 set object_id=rownum
       *
ERROR at line 1:
ORA-00942: table or view does not exist


SQL> 
Commit complete.

SQL> create index idx_t2 on orasup_t2_316599000(object_id)
                       *
ERROR at line 1:
ORA-00942: table or view does not exist


SQL> SQL> 
PL/SQL procedure successfully completed.

SQL> select object_id from orasup_t2_316599000 where object_id=:v_obj_id
                      *
ERROR at line 1:
ORA-00942: table or view does not exist


SQL> 
PL/SQL procedure successfully completed.

SQL> select object_id from orasup_t2_316599000 where object_id=:v_obj_id
                      *
ERROR at line 1:
ORA-00942: table or view does not exist


SQL> 
PL/SQL procedure successfully completed.

SQL> select object_id from orasup_t2_316599000 where object_id=:v_obj_id
                      *
ERROR at line 1:
ORA-00942: table or view does not exist


SQL> 
PL/SQL procedure successfully completed.

SQL> select object_id from orasup_t2_316599000 where object_id=:v_obj_id
                      *
ERROR at line 1:
ORA-00942: table or view does not exist


SQL> SQL> SQL> SQL>   2    3    4    5    6    7    8    9   10   11   12   13   14   15  update orasup_t2_316599000 set object_id=object_id+round(DBMS_RANDOM.value(0,100),0) where object_id=:v_obj_id;
       *
ERROR at line 8:
ORA-06550: line 8, column 8:
PL/SQL: ORA-00942: table or view does not exist
ORA-06550: line 8, column 1:
PL/SQL: SQL Statement ignored


SQL> SQL> SQL> SQL> Disconnected from Oracle Database 10g Enterprise Edition Release 10.2.0.5.0 - 64bit Production
With the Partitioning, Oracle Label Security, OLAP, Data Mining Scoring Engine
and Real Application Testing options

SQL*Plus: Release 10.2.0.5.0 - Production on Tue Sep 30 18:23:25 2014

Copyright (c) 1982, 2010, Oracle.  All Rights Reserved.


Connected to:
Oracle Database 10g Enterprise Edition Release 10.2.0.5.0 - 64bit Production
With the Partitioning, Oracle Label Security, OLAP, Data Mining Scoring Engine
and Real Application Testing options

SQL> SQL> SQL> create table orasup_t2_895955000 as select * from dba_objects
                                                  *
ERROR at line 1:
ORA-01652: unable to extend temp segment by 8 in tablespace USERS


SQL> insert into orasup_t2_895955000 select * from orasup_t2_895955000
                                              *
ERROR at line 1:
ORA-00942: table or view does not exist


SQL> 
45806 rows updated.

SQL> insert into orasup_t2_895955000 select * from orasup_t2_895955000
                                              *
ERROR at line 1:
ORA-00942: table or view does not exist


SQL> insert into orasup_t2_895955000 select * from orasup_t2_895955000
                                              *
ERROR at line 1:
ORA-00942: table or view does not exist


SQL> insert into orasup_t2_895955000 select * from orasup_t2_895955000
                                              *
ERROR at line 1:
ORA-00942: table or view does not exist


SQL> delete from orasup_t2_895955000 where rownum<=((select count(*) from orasup_t2_895955000)-500000)
            *
ERROR at line 1:
ORA-00942: table or view does not exist


SQL> 
Commit complete.

SQL> insert into orasup_t2_895955000 select * from orasup_t2_895955000 where rownum<=round(DBMS_RANDOM.value(0,400000),0)
                                              *
ERROR at line 1:
ORA-00942: table or view does not exist


SQL> 
Rollback complete.

SQL> delete from orasup_t2_895955000 where rownum<=round(DBMS_RANDOM.value(0,400000),0)
            *
ERROR at line 1:
ORA-00942: table or view does not exist


SQL> 
Rollback complete.

SQL> update orasup_t2_895955000 set object_id=1 where rownum<=round(DBMS_RANDOM.value(0,400000),0)
       *
ERROR at line 1:
ORA-00942: table or view does not exist


SQL> 
Rollback complete.

SQL> update orasup_t2_895955000 set object_id=rownum
       *
ERROR at line 1:
ORA-00942: table or view does not exist


SQL> 
Commit complete.

SQL> create index idx_t2 on orasup_t2_895955000(object_id)
                       *
ERROR at line 1:
ORA-00942: table or view does not exist


SQL> SQL> 
PL/SQL procedure successfully completed.

SQL> select object_id from orasup_t2_895955000 where object_id=:v_obj_id
                      *
ERROR at line 1:
ORA-00942: table or view does not exist


SQL> 
PL/SQL procedure successfully completed.

SQL> select object_id from orasup_t2_895955000 where object_id=:v_obj_id
                      *
ERROR at line 1:
ORA-00942: table or view does not exist


SQL> 
PL/SQL procedure successfully completed.

SQL> select object_id from orasup_t2_895955000 where object_id=:v_obj_id
                      *
ERROR at line 1:
ORA-00942: table or view does not exist


SQL> 
PL/SQL procedure successfully completed.

SQL> select object_id from orasup_t2_895955000 where object_id=:v_obj_id
                      *
ERROR at line 1:
ORA-00942: table or view does not exist


SQL> SQL> SQL> SQL>   2    3    4    5    6    7    8    9   10   11   12   13   14   15  update orasup_t2_895955000 set object_id=object_id+round(DBMS_RANDOM.value(0,100),0) where object_id=:v_obj_id;
       *
ERROR at line 8:
ORA-06550: line 8, column 8:
PL/SQL: ORA-00942: table or view does not exist
ORA-06550: line 8, column 1:
PL/SQL: SQL Statement ignored


SQL> SQL> SQL> SQL> Disconnected from Oracle Database 10g Enterprise Edition Release 10.2.0.5.0 - 64bit Production
With the Partitioning, Oracle Label Security, OLAP, Data Mining Scoring Engine
and Real Application Testing options

SQL*Plus: Release 10.2.0.5.0 - Production on Tue Sep 30 18:23:26 2014

Copyright (c) 1982, 2010, Oracle.  All Rights Reserved.


Connected to:
Oracle Database 10g Enterprise Edition Release 10.2.0.5.0 - 64bit Production
With the Partitioning, Oracle Label Security, OLAP, Data Mining Scoring Engine
and Real Application Testing options

SQL> SQL> SQL> 
PL/SQL procedure successfully completed.

SQL> create table orasup_t2_729722000 as select * from dba_objects
                                                  *
ERROR at line 1:
ORA-01652: unable to extend temp segment by 8 in tablespace USERS


SQL> drop table orasup_t2_222999000
           *
ERROR at line 1:
ORA-00942: table or view does not exist


SQL> insert into orasup_t2_729722000 select * from orasup_t2_729722000
                                              *
ERROR at line 1:
ORA-00942: table or view does not exist


SQL> insert into orasup_t2_729722000 select * from orasup_t2_729722000
                                              *
ERROR at line 1:
ORA-00942: table or view does not exist


SQL> insert into orasup_t2_729722000 select * from orasup_t2_729722000
                                              *
ERROR at line 1:
ORA-00942: table or view does not exist


SQL> insert into orasup_t2_729722000 select * from orasup_t2_729722000
                                              *
ERROR at line 1:
ORA-00942: table or view does not exist


SQL> delete from orasup_t2_729722000 where rownum<=((select count(*) from orasup_t2_729722000)-500000)
            *
ERROR at line 1:
ORA-00942: table or view does not exist


SQL> 
Commit complete.

SQL> insert into orasup_t2_729722000 select * from orasup_t2_729722000 where rownum<=round(DBMS_RANDOM.value(0,400000),0)
                                              *
ERROR at line 1:
ORA-00942: table or view does not exist


SQL> 
Rollback complete.

SQL> delete from orasup_t2_729722000 where rownum<=round(DBMS_RANDOM.value(0,400000),0)
            *
ERROR at line 1:
ORA-00942: table or view does not exist


SQL> 
Rollback complete.

SQL> update orasup_t2_729722000 set object_id=1 where rownum<=round(DBMS_RANDOM.value(0,400000),0)
       *
ERROR at line 1:
ORA-00942: table or view does not exist


SQL> 
Rollback complete.

SQL> update orasup_t2_729722000 set object_id=rownum
       *
ERROR at line 1:
ORA-00942: table or view does not exist


SQL> 
Commit complete.

SQL> create index idx_t2 on orasup_t2_729722000(object_id)
                       *
ERROR at line 1:
ORA-00942: table or view does not exist


SQL> SQL> 
PL/SQL procedure successfully completed.

SQL> select object_id from orasup_t2_729722000 where object_id=:v_obj_id
                      *
ERROR at line 1:
ORA-00942: table or view does not exist


SQL> 
PL/SQL procedure successfully completed.

SQL> select object_id from orasup_t2_729722000 where object_id=:v_obj_id
                      *
ERROR at line 1:
ORA-00942: table or view does not exist


SQL> 
PL/SQL procedure successfully completed.

SQL> select object_id from orasup_t2_729722000 where object_id=:v_obj_id
                      *
ERROR at line 1:
ORA-00942: table or view does not exist


SQL> 
PL/SQL procedure successfully completed.

SQL> select object_id from orasup_t2_729722000 where object_id=:v_obj_id
                      *
ERROR at line 1:
ORA-00942: table or view does not exist


SQL> SQL> SQL> SQL>   2    3    4    5    6    7    8    9   10   11   12   13   14   15  update orasup_t2_729722000 set object_id=object_id+round(DBMS_RANDOM.value(0,100),0) where object_id=:v_obj_id;
       *
ERROR at line 8:
ORA-06550: line 8, column 8:
PL/SQL: ORA-00942: table or view does not exist
ORA-06550: line 8, column 1:
PL/SQL: SQL Statement ignored


SQL> SQL> SQL> SQL> Disconnected from Oracle Database 10g Enterprise Edition Release 10.2.0.5.0 - 64bit Production
With the Partitioning, Oracle Label Security, OLAP, Data Mining Scoring Engine
and Real Application Testing options

PL/SQL procedure successfully completed.

SQL> drop table orasup_t2_316599000
           *
ERROR at line 1:
ORA-00942: table or view does not exist


SQL> 
Rollback complete.

SQL> create table orasup_t2_222999000 as select * from dba_objects
                                                  *
ERROR at line 1:
ORA-01652: unable to extend temp segment by 128 in tablespace USERS


SQL> insert into orasup_t2_222999000 select * from orasup_t2_222999000
                                              *
ERROR at line 1:
ORA-00942: table or view does not exist


SQL> insert into orasup_t2_222999000 select * from orasup_t2_222999000
                                              *
ERROR at line 1:
ORA-00942: table or view does not exist


SQL> insert into orasup_t2_222999000 select * from orasup_t2_222999000
                                              *
ERROR at line 1:
ORA-00942: table or view does not exist


SQL> insert into orasup_t2_222999000 select * from orasup_t2_222999000
                                              *
ERROR at line 1:
ORA-00942: table or view does not exist


SQL> delete from orasup_t2_222999000 where rownum<=((select count(*) from orasup_t2_222999000)-500000)
            *
ERROR at line 1:
ORA-00942: table or view does not exist


SQL> 
Commit complete.

SQL> insert into orasup_t2_222999000 select * from orasup_t2_222999000 where rownum<=round(DBMS_RANDOM.value(0,400000),0)
                                              *
ERROR at line 1:
ORA-00942: table or view does not exist


SQL> 
Rollback complete.

SQL> delete from orasup_t2_222999000 where rownum<=round(DBMS_RANDOM.value(0,400000),0)
            *
ERROR at line 1:
ORA-00942: table or view does not exist


SQL> 
Rollback complete.

SQL> update orasup_t2_222999000 set object_id=1 where rownum<=round(DBMS_RANDOM.value(0,400000),0)
       *
ERROR at line 1:
ORA-00942: table or view does not exist


SQL> 
Rollback complete.

SQL> update orasup_t2_222999000 set object_id=rownum
       *
ERROR at line 1:
ORA-00942: table or view does not exist


SQL> 
Commit complete.

SQL> create index idx_t2 on orasup_t2_222999000(object_id)
                       *
ERROR at line 1:
ORA-00942: table or view does not exist


SQL> SQL> 
PL/SQL procedure successfully completed.

SQL> select object_id from orasup_t2_222999000 where object_id=:v_obj_id
                      *
ERROR at line 1:
ORA-00942: table or view does not exist


SQL> 
PL/SQL procedure successfully completed.

SQL> select object_id from orasup_t2_222999000 where object_id=:v_obj_id
                      *
ERROR at line 1:
ORA-00942: table or view does not exist


SQL> 
PL/SQL procedure successfully completed.

SQL> select object_id from orasup_t2_222999000 where object_id=:v_obj_id
                      *
ERROR at line 1:
ORA-00942: table or view does not exist


SQL> 
PL/SQL procedure successfully completed.

SQL> select object_id from orasup_t2_222999000 where object_id=:v_obj_id
                      *
ERROR at line 1:
ORA-00942: table or view does not exist


SQL> SQL> SQL> SQL>   2    3    4    5    6    7    8    9   10   11   12   13   14   15  update orasup_t2_222999000 set object_id=object_id+round(DBMS_RANDOM.value(0,100),0) where object_id=:v_obj_id;
       *
ERROR at line 8:
ORA-06550: line 8, column 8:
PL/SQL: ORA-00942: table or view does not exist
ORA-06550: line 8, column 1:
PL/SQL: SQL Statement ignored


SQL> SQL> SQL> SQL> Disconnected from Oracle Database 10g Enterprise Edition Release 10.2.0.5.0 - 64bit Production
With the Partitioning, Oracle Label Security, OLAP, Data Mining Scoring Engine
and Real Application Testing options

SQL*Plus: Release 10.2.0.5.0 - Production on Tue Sep 30 18:23:29 2014

Copyright (c) 1982, 2010, Oracle.  All Rights Reserved.


Connected to:
Oracle Database 10g Enterprise Edition Release 10.2.0.5.0 - 64bit Production
With the Partitioning, Oracle Label Security, OLAP, Data Mining Scoring Engine
and Real Application Testing options

SQL> SQL> SQL> create table orasup_t2_316599000 as select * from dba_objects
                                                  *
ERROR at line 1:
ORA-01652: unable to extend temp segment by 8 in tablespace USERS


SQL> insert into orasup_t2_316599000 select * from orasup_t2_316599000
                                              *
ERROR at line 1:
ORA-00942: table or view does not exist


SQL> insert into orasup_t2_316599000 select * from orasup_t2_316599000
                                              *
ERROR at line 1:
ORA-00942: table or view does not exist


SQL> insert into orasup_t2_316599000 select * from orasup_t2_316599000
                                              *
ERROR at line 1:
ORA-00942: table or view does not exist


SQL> insert into orasup_t2_316599000 select * from orasup_t2_316599000
                                              *
ERROR at line 1:
ORA-00942: table or view does not exist


SQL> delete from orasup_t2_316599000 where rownum<=((select count(*) from orasup_t2_316599000)-500000)
            *
ERROR at line 1:
ORA-00942: table or view does not exist


SQL> 
Commit complete.

SQL> insert into orasup_t2_316599000 select * from orasup_t2_316599000 where rownum<=round(DBMS_RANDOM.value(0,400000),0)
                                              *
ERROR at line 1:
ORA-00942: table or view does not exist


SQL> 
Rollback complete.

SQL> delete from orasup_t2_316599000 where rownum<=round(DBMS_RANDOM.value(0,400000),0)
            *
ERROR at line 1:
ORA-00942: table or view does not exist


SQL> 
Rollback complete.

SQL> update orasup_t2_316599000 set object_id=1 where rownum<=round(DBMS_RANDOM.value(0,400000),0)
       *
ERROR at line 1:
ORA-00942: table or view does not exist


SQL> 
Rollback complete.

SQL> update orasup_t2_316599000 set object_id=rownum
       *
ERROR at line 1:
ORA-00942: table or view does not exist


SQL> 
Commit complete.

SQL> create index idx_t2 on orasup_t2_316599000(object_id)
                       *
ERROR at line 1:
ORA-00942: table or view does not exist


SQL> SQL> 
PL/SQL procedure successfully completed.

SQL> select object_id from orasup_t2_316599000 where object_id=:v_obj_id
                      *
ERROR at line 1:
ORA-00942: table or view does not exist


SQL> 
PL/SQL procedure successfully completed.

SQL> select object_id from orasup_t2_316599000 where object_id=:v_obj_id
                      *
ERROR at line 1:
ORA-00942: table or view does not exist


SQL> 
PL/SQL procedure successfully completed.

SQL> select object_id from orasup_t2_316599000 where object_id=:v_obj_id
                      *
ERROR at line 1:
ORA-00942: table or view does not exist


SQL> 
PL/SQL procedure successfully completed.

SQL> select object_id from orasup_t2_316599000 where object_id=:v_obj_id
                      *
ERROR at line 1:
ORA-00942: table or view does not exist


SQL> SQL> SQL> SQL>   2    3    4    5    6    7    8    9   10   11   12   13   14   15  update orasup_t2_316599000 set object_id=object_id+round(DBMS_RANDOM.value(0,100),0) where object_id=:v_obj_id;
       *
ERROR at line 8:
ORA-06550: line 8, column 8:
PL/SQL: ORA-00942: table or view does not exist
ORA-06550: line 8, column 1:
PL/SQL: SQL Statement ignored


SQL> SQL> SQL> SQL> Disconnected from Oracle Database 10g Enterprise Edition Release 10.2.0.5.0 - 64bit Production
With the Partitioning, Oracle Label Security, OLAP, Data Mining Scoring Engine
and Real Application Testing options

SQL*Plus: Release 10.2.0.5.0 - Production on Tue Sep 30 18:23:31 2014

Copyright (c) 1982, 2010, Oracle.  All Rights Reserved.


Connected to:
Oracle Database 10g Enterprise Edition Release 10.2.0.5.0 - 64bit Production
With the Partitioning, Oracle Label Security, OLAP, Data Mining Scoring Engine
and Real Application Testing options

SQL> SQL> SQL> 
SQL*Plus: Release 10.2.0.5.0 - Production on Tue Sep 30 18:23:31 2014

Copyright (c) 1982, 2010, Oracle.  All Rights Reserved.


Connected to:
Oracle Database 10g Enterprise Edition Release 10.2.0.5.0 - 64bit Production
With the Partitioning, Oracle Label Security, OLAP, Data Mining Scoring Engine
and Real Application Testing options

SQL> SQL> SQL> 
PL/SQL procedure successfully completed.

SQL> 
SQL*Plus: Release 10.2.0.5.0 - Production on Tue Sep 30 18:23:32 2014

Copyright (c) 1982, 2010, Oracle.  All Rights Reserved.


Connected to:
Oracle Database 10g Enterprise Edition Release 10.2.0.5.0 - 64bit Production
With the Partitioning, Oracle Label Security, OLAP, Data Mining Scoring Engine
and Real Application Testing options

SQL> SQL> SQL> 
PL/SQL procedure successfully completed.

SQL> drop table orasup_t2_222999000
           *
ERROR at line 1:
ORA-00942: table or view does not exist


SQL> drop table orasup_t2_895955000
           *
ERROR at line 1:
ORA-00942: table or view does not exist


SQL> 
PL/SQL procedure successfully completed.

SQL> drop table orasup_t2_729722000
           *
ERROR at line 1:
ORA-00942: table or view does not exist


SQL> 
PL/SQL procedure successfully completed.

SQL> drop table orasup_t2_316599000
           *
ERROR at line 1:
ORA-00942: table or view does not exist


SQL> create table orasup_t2_895955000 as select * from dba_objects
                                                  *
ERROR at line 1:
ORA-01652: unable to extend temp segment by 8 in tablespace USERS


SQL> create table orasup_t2_729722000 as select * from dba_objects
                                                  *
ERROR at line 1:
ORA-01652: unable to extend temp segment by 8 in tablespace USERS


SQL> create table orasup_t2_222999000 as select * from dba_objects
                                                  *
ERROR at line 1:
ORA-01652: unable to extend temp segment by 8 in tablespace USERS


SQL> create table orasup_t2_316599000 as select * from dba_objects
                                                  *
ERROR at line 1:
ORA-01652: unable to extend temp segment by 8 in tablespace USERS


SQL> insert into orasup_t2_895955000 select * from orasup_t2_895955000
                                              *
ERROR at line 1:
ORA-00942: table or view does not exist


SQL> insert into orasup_t2_729722000 select * from orasup_t2_729722000
                                              *
ERROR at line 1:
ORA-00942: table or view does not exist


SQL> insert into orasup_t2_222999000 select * from orasup_t2_222999000
                                              *
ERROR at line 1:
ORA-00942: table or view does not exist


SQL> insert into orasup_t2_316599000 select * from orasup_t2_316599000
                                              *
ERROR at line 1:
ORA-00942: table or view does not exist


SQL> insert into orasup_t2_895955000 select * from orasup_t2_895955000
                                              *
ERROR at line 1:
ORA-00942: table or view does not exist


SQL> insert into orasup_t2_729722000 select * from orasup_t2_729722000
                                              *
ERROR at line 1:
ORA-00942: table or view does not exist


SQL> insert into orasup_t2_222999000 select * from orasup_t2_222999000
                                              *
ERROR at line 1:
ORA-00942: table or view does not exist


SQL> insert into orasup_t2_316599000 select * from orasup_t2_316599000
                                              *
ERROR at line 1:
ORA-00942: table or view does not exist


SQL> insert into orasup_t2_895955000 select * from orasup_t2_895955000
                                              *
ERROR at line 1:
ORA-00942: table or view does not exist


SQL> insert into orasup_t2_729722000 select * from orasup_t2_729722000
                                              *
ERROR at line 1:
ORA-00942: table or view does not exist


SQL> insert into orasup_t2_222999000 select * from orasup_t2_222999000
                                              *
ERROR at line 1:
ORA-00942: table or view does not exist


SQL> insert into orasup_t2_316599000 select * from orasup_t2_316599000
                                              *
ERROR at line 1:
ORA-00942: table or view does not exist


SQL> insert into orasup_t2_895955000 select * from orasup_t2_895955000
                                              *
ERROR at line 1:
ORA-00942: table or view does not exist


SQL> insert into orasup_t2_729722000 select * from orasup_t2_729722000
                                              *
ERROR at line 1:
ORA-00942: table or view does not exist


SQL> insert into orasup_t2_222999000 select * from orasup_t2_222999000
                                              *
ERROR at line 1:
ORA-00942: table or view does not exist


SQL> insert into orasup_t2_316599000 select * from orasup_t2_316599000
                                              *
ERROR at line 1:
ORA-00942: table or view does not exist


SQL> delete from orasup_t2_895955000 where rownum<=((select count(*) from orasup_t2_895955000)-500000)
            *
ERROR at line 1:
ORA-00942: table or view does not exist


SQL> delete from orasup_t2_729722000 where rownum<=((select count(*) from orasup_t2_729722000)-500000)
            *
ERROR at line 1:
ORA-00942: table or view does not exist


SQL> delete from orasup_t2_222999000 where rownum<=((select count(*) from orasup_t2_222999000)-500000)
            *
ERROR at line 1:
ORA-00942: table or view does not exist


SQL> delete from orasup_t2_316599000 where rownum<=((select count(*) from orasup_t2_316599000)-500000)
            *
ERROR at line 1:
ORA-00942: table or view does not exist


SQL> 
Commit complete.

SQL> 
Commit complete.

SQL> 
Commit complete.

SQL> 
Commit complete.

SQL> insert into orasup_t2_729722000 select * from orasup_t2_729722000 where rownum<=round(DBMS_RANDOM.value(0,400000),0)
                                              *
ERROR at line 1:
ORA-00942: table or view does not exist


SQL> insert into orasup_t2_222999000 select * from orasup_t2_222999000 where rownum<=round(DBMS_RANDOM.value(0,400000),0)
                                              *
ERROR at line 1:
ORA-00942: table or view does not exist


SQL> insert into orasup_t2_316599000 select * from orasup_t2_316599000 where rownum<=round(DBMS_RANDOM.value(0,400000),0)
                                              *
ERROR at line 1:
ORA-00942: table or view does not exist


SQL> insert into orasup_t2_895955000 select * from orasup_t2_895955000 where rownum<=round(DBMS_RANDOM.value(0,400000),0)
                                              *
ERROR at line 1:
ORA-00942: table or view does not exist


SQL> 
Rollback complete.

SQL> 
Rollback complete.

SQL> 
Rollback complete.

SQL> delete from orasup_t2_222999000 where rownum<=round(DBMS_RANDOM.value(0,400000),0)
            *
ERROR at line 1:
ORA-00942: table or view does not exist


SQL> 
Rollback complete.

SQL> delete from orasup_t2_895955000 where rownum<=round(DBMS_RANDOM.value(0,400000),0)
            *
ERROR at line 1:
ORA-00942: table or view does not exist


SQL> 
Rollback complete.

SQL> delete from orasup_t2_729722000 where rownum<=round(DBMS_RANDOM.value(0,400000),0)
            *
ERROR at line 1:
ORA-00942: table or view does not exist


SQL> update orasup_t2_222999000 set object_id=1 where rownum<=round(DBMS_RANDOM.value(0,400000),0)
       *
ERROR at line 1:
ORA-00942: table or view does not exist


SQL> 
Rollback complete.

SQL> delete from orasup_t2_316599000 where rownum<=round(DBMS_RANDOM.value(0,400000),0)
            *
ERROR at line 1:
ORA-00942: table or view does not exist


SQL> 
Rollback complete.

SQL> 
Rollback complete.

SQL> 
Rollback complete.

SQL> update orasup_t2_222999000 set object_id=rownum
       *
ERROR at line 1:
ORA-00942: table or view does not exist


SQL> update orasup_t2_729722000 set object_id=1 where rownum<=round(DBMS_RANDOM.value(0,400000),0)
       *
ERROR at line 1:
ORA-00942: table or view does not exist


SQL> update orasup_t2_316599000 set object_id=1 where rownum<=round(DBMS_RANDOM.value(0,400000),0)
       *
ERROR at line 1:
ORA-00942: table or view does not exist


SQL> update orasup_t2_895955000 set object_id=1 where rownum<=round(DBMS_RANDOM.value(0,400000),0)
       *
ERROR at line 1:
ORA-00942: table or view does not exist


SQL> 
Rollback complete.

SQL> 
Rollback complete.

SQL> 
Commit complete.

SQL> 
Rollback complete.

SQL> update orasup_t2_895955000 set object_id=rownum
       *
ERROR at line 1:
ORA-00942: table or view does not exist


SQL> update orasup_t2_729722000 set object_id=rownum
       *
ERROR at line 1:
ORA-00942: table or view does not exist


SQL> 
Commit complete.

SQL> create index idx_t2 on orasup_t2_222999000(object_id)
                       *
ERROR at line 1:
ORA-00942: table or view does not exist


SQL> SQL> update orasup_t2_316599000 set object_id=rownum
       *
ERROR at line 1:
ORA-00942: table or view does not exist


SQL> 
Commit complete.

SQL> create index idx_t2 on orasup_t2_729722000(object_id)
                       *
ERROR at line 1:
ORA-00942: table or view does not exist


SQL> 
PL/SQL procedure successfully completed.

SQL> SQL> 
Commit complete.

SQL> select object_id from orasup_t2_222999000 where object_id=:v_obj_id
                      *
ERROR at line 1:
ORA-00942: table or view does not exist


SQL> 
PL/SQL procedure successfully completed.

SQL> create index idx_t2 on orasup_t2_316599000(object_id)
                       *
ERROR at line 1:
ORA-00942: table or view does not exist


SQL> SQL> create index idx_t2 on orasup_t2_895955000(object_id)
                       *
ERROR at line 1:
ORA-00942: table or view does not exist


SQL> SQL> 
PL/SQL procedure successfully completed.

SQL> 
PL/SQL procedure successfully completed.

SQL> 
PL/SQL procedure successfully completed.

SQL> select object_id from orasup_t2_222999000 where object_id=:v_obj_id
                      *
ERROR at line 1:
ORA-00942: table or view does not exist


select object_id from orasup_t2_729722000 where object_id=:v_obj_id
                      *
ERROR at line 1:
ORA-00942: table or view does not exist


SQL> SQL> 
PL/SQL procedure successfully completed.

SQL> select object_id from orasup_t2_895955000 where object_id=:v_obj_id
                      *
ERROR at line 1:
ORA-00942: table or view does not exist


SQL> 
PL/SQL procedure successfully completed.

SQL> select object_id from orasup_t2_316599000 where object_id=:v_obj_id
                      *
ERROR at line 1:
ORA-00942: table or view does not exist


SQL> select object_id from orasup_t2_222999000 where object_id=:v_obj_id
                      *
ERROR at line 1:
ORA-00942: table or view does not exist



PL/SQL procedure successfully completed.

SQL> select object_id from orasup_t2_895955000 where object_id=:v_obj_id
                      *
ERROR at line 1:
ORA-00942: table or view does not exist


SQL> 
PL/SQL procedure successfully completed.

SQL> SQL> select object_id from orasup_t2_729722000 where object_id=:v_obj_id
                      *
ERROR at line 1:
ORA-00942: table or view does not exist



PL/SQL procedure successfully completed.

SQL> select object_id from orasup_t2_222999000 where object_id=:v_obj_id
                      *
ERROR at line 1:
ORA-00942: table or view does not exist


SQL> 
PL/SQL procedure successfully completed.

SQL> 
PL/SQL procedure successfully completed.

SQL> SQL> SQL> SQL> SQL>   2    3    4    5    6    7    8    9   10   11   12   13   14   15  select object_id from orasup_t2_316599000 where object_id=:v_obj_id
                      *
ERROR at line 1:
ORA-00942: table or view does not exist


select object_id from orasup_t2_895955000 where object_id=:v_obj_id
                      *
ERROR at line 1:
ORA-00942: table or view does not exist


SQL> select object_id from orasup_t2_729722000 where object_id=:v_obj_id
                      *
ERROR at line 1:
ORA-00942: table or view does not exist


SQL> 
PL/SQL procedure successfully completed.

SQL> select object_id from orasup_t2_316599000 where object_id=:v_obj_id
                      *
ERROR at line 1:
ORA-00942: table or view does not exist


SQL> 
PL/SQL procedure successfully completed.

SQL> SQL> 
PL/SQL procedure successfully completed.

SQL> 
PL/SQL procedure successfully completed.

SQL> update orasup_t2_222999000 set object_id=object_id+round(DBMS_RANDOM.value(0,100),0) where object_id=:v_obj_id;
       *
ERROR at line 8:
ORA-06550: line 8, column 8:
PL/SQL: ORA-00942: table or view does not exist
ORA-06550: line 8, column 1:
PL/SQL: SQL Statement ignored


SQL> SQL> SQL> SQL> Disconnected from Oracle Database 10g Enterprise Edition Release 10.2.0.5.0 - 64bit Production
With the Partitioning, Oracle Label Security, OLAP, Data Mining Scoring Engine
and Real Application Testing options
select object_id from orasup_t2_316599000 where object_id=:v_obj_id
                      *
ERROR at line 1:
ORA-00942: table or view does not exist


select object_id from orasup_t2_895955000 where object_id=:v_obj_id
                      *
ERROR at line 1:
ORA-00942: table or view does not exist


SQL> SQL> SQL> SQL>   2    3    4    5    6    7    8    9   10   11   12   13   14   15  select object_id from orasup_t2_729722000 where object_id=:v_obj_id
                      *
ERROR at line 1:
ORA-00942: table or view does not exist


SQL> SQL> SQL> SQL>   2    3    4    5    6    7    8    9   10   11   12   13   14   15  SQL> SQL> SQL> SQL>   2    3    4    5    6    7    8    9   10   11   12   13   14   15  update orasup_t2_895955000 set object_id=object_id+round(DBMS_RANDOM.value(0,100),0) where object_id=:v_obj_id;
       *
ERROR at line 8:
ORA-06550: line 8, column 8:
PL/SQL: ORA-00942: table or view does not exist
ORA-06550: line 8, column 1:
PL/SQL: SQL Statement ignored


SQL> SQL> SQL> SQL> Disconnected from Oracle Database 10g Enterprise Edition Release 10.2.0.5.0 - 64bit Production
With the Partitioning, Oracle Label Security, OLAP, Data Mining Scoring Engine
and Real Application Testing options
update orasup_t2_316599000 set object_id=object_id+round(DBMS_RANDOM.value(0,100),0) where object_id=:v_obj_id;
       *
ERROR at line 8:
ORA-06550: line 8, column 8:
PL/SQL: ORA-00942: table or view does not exist
ORA-06550: line 8, column 1:
PL/SQL: SQL Statement ignored


SQL> SQL> SQL> SQL> Disconnected from Oracle Database 10g Enterprise Edition Release 10.2.0.5.0 - 64bit Production
With the Partitioning, Oracle Label Security, OLAP, Data Mining Scoring Engine
and Real Application Testing options
update orasup_t2_729722000 set object_id=object_id+round(DBMS_RANDOM.value(0,100),0) where object_id=:v_obj_id;
       *
ERROR at line 8:
ORA-06550: line 8, column 8:
PL/SQL: ORA-00942: table or view does not exist
ORA-06550: line 8, column 1:
PL/SQL: SQL Statement ignored


SQL> SQL> SQL> SQL> Disconnected from Oracle Database 10g Enterprise Edition Release 10.2.0.5.0 - 64bit Production
With the Partitioning, Oracle Label Security, OLAP, Data Mining Scoring Engine
and Real Application Testing options

SQL*Plus: Release 10.2.0.5.0 - Production on Tue Sep 30 18:23:40 2014

Copyright (c) 1982, 2010, Oracle.  All Rights Reserved.


SQL*Plus: Release 10.2.0.5.0 - Production on Tue Sep 30 18:23:40 2014

Copyright (c) 1982, 2010, Oracle.  All Rights Reserved.


SQL*Plus: Release 10.2.0.5.0 - Production on Tue Sep 30 18:23:40 2014

Copyright (c) 1982, 2010, Oracle.  All Rights Reserved.


Connected to:
Oracle Database 10g Enterprise Edition Release 10.2.0.5.0 - 64bit Production
With the Partitioning, Oracle Label Security, OLAP, Data Mining Scoring Engine
and Real Application Testing options

SQL> SQL> SQL> 
Connected to:
Oracle Database 10g Enterprise Edition Release 10.2.0.5.0 - 64bit Production
With the Partitioning, Oracle Label Security, OLAP, Data Mining Scoring Engine
and Real Application Testing options

SQL> SQL> SQL> 
Connected to:
Oracle Database 10g Enterprise Edition Release 10.2.0.5.0 - 64bit Production
With the Partitioning, Oracle Label Security, OLAP, Data Mining Scoring Engine
and Real Application Testing options

SQL> SQL> SQL> 
SQL*Plus: Release 10.2.0.5.0 - Production on Tue Sep 30 18:23:41 2014

Copyright (c) 1982, 2010, Oracle.  All Rights Reserved.


Connected to:
Oracle Database 10g Enterprise Edition Release 10.2.0.5.0 - 64bit Production
With the Partitioning, Oracle Label Security, OLAP, Data Mining Scoring Engine
and Real Application Testing options

SQL> SQL> SQL> 
PL/SQL procedure successfully completed.

SQL> drop table orasup_t2_895955000
           *
ERROR at line 1:
ORA-00942: table or view does not exist


SQL> 
PL/SQL procedure successfully completed.

SQL> drop table orasup_t2_316599000
           *
ERROR at line 1:
ORA-00942: table or view does not exist


SQL> 
PL/SQL procedure successfully completed.

SQL> drop table orasup_t2_729722000
           *
ERROR at line 1:
ORA-00942: table or view does not exist


SQL> 
PL/SQL procedure successfully completed.

SQL> drop table orasup_t2_222999000
           *
ERROR at line 1:
ORA-00942: table or view does not exist


SQL> create table orasup_t2_729722000 as select * from dba_objects
                                                  *
ERROR at line 1:
ORA-01658: unable to create INITIAL extent for segment in tablespace USERS


SQL> create table orasup_t2_316599000 as select * from dba_objects
                                                  *
ERROR at line 1:
ORA-01658: unable to create INITIAL extent for segment in tablespace USERS


SQL> insert into orasup_t2_729722000 select * from orasup_t2_729722000
                                              *
ERROR at line 1:
ORA-00942: table or view does not exist


SQL> insert into orasup_t2_316599000 select * from orasup_t2_316599000
                                              *
ERROR at line 1:
ORA-00942: table or view does not exist


SQL> insert into orasup_t2_729722000 select * from orasup_t2_729722000
                                              *
ERROR at line 1:
ORA-00942: table or view does not exist


SQL> insert into orasup_t2_316599000 select * from orasup_t2_316599000
                                              *
ERROR at line 1:
ORA-00942: table or view does not exist


SQL> insert into orasup_t2_729722000 select * from orasup_t2_729722000
                                              *
ERROR at line 1:
ORA-00942: table or view does not exist


SQL> insert into orasup_t2_316599000 select * from orasup_t2_316599000
                                              *
ERROR at line 1:
ORA-00942: table or view does not exist


SQL> insert into orasup_t2_729722000 select * from orasup_t2_729722000
                                              *
ERROR at line 1:
ORA-00942: table or view does not exist


SQL> insert into orasup_t2_316599000 select * from orasup_t2_316599000
                                              *
ERROR at line 1:
ORA-00942: table or view does not exist


SQL> delete from orasup_t2_729722000 where rownum<=((select count(*) from orasup_t2_729722000)-500000)
            *
ERROR at line 1:
ORA-00942: table or view does not exist


SQL> 
Commit complete.

SQL> delete from orasup_t2_316599000 where rownum<=((select count(*) from orasup_t2_316599000)-500000)
            *
ERROR at line 1:
ORA-00942: table or view does not exist


SQL> insert into orasup_t2_729722000 select * from orasup_t2_729722000 where rownum<=round(DBMS_RANDOM.value(0,400000),0)
                                              *
ERROR at line 1:
ORA-00942: table or view does not exist


SQL> 
Rollback complete.

SQL> 
Commit complete.

SQL> insert into orasup_t2_316599000 select * from orasup_t2_316599000 where rownum<=round(DBMS_RANDOM.value(0,400000),0)
                                              *
ERROR at line 1:
ORA-00942: table or view does not exist


SQL> delete from orasup_t2_729722000 where rownum<=round(DBMS_RANDOM.value(0,400000),0)
            *
ERROR at line 1:
ORA-00942: table or view does not exist


SQL> 
Rollback complete.

SQL> 
Rollback complete.

SQL> delete from orasup_t2_316599000 where rownum<=round(DBMS_RANDOM.value(0,400000),0)
            *
ERROR at line 1:
ORA-00942: table or view does not exist


SQL> update orasup_t2_729722000 set object_id=1 where rownum<=round(DBMS_RANDOM.value(0,400000),0)
       *
ERROR at line 1:
ORA-00942: table or view does not exist


SQL> 
Rollback complete.

SQL> 
Rollback complete.

SQL> update orasup_t2_316599000 set object_id=1 where rownum<=round(DBMS_RANDOM.value(0,400000),0)
       *
ERROR at line 1:
ORA-00942: table or view does not exist


SQL> 
Rollback complete.

SQL> update orasup_t2_729722000 set object_id=rownum
       *
ERROR at line 1:
ORA-00942: table or view does not exist


SQL> update orasup_t2_316599000 set object_id=rownum
       *
ERROR at line 1:
ORA-00942: table or view does not exist


SQL> 
Commit complete.

SQL> create index idx_t2 on orasup_t2_729722000(object_id)
                       *
ERROR at line 1:
ORA-00942: table or view does not exist


SQL> SQL> 
Commit complete.

SQL> create index idx_t2 on orasup_t2_316599000(object_id)
                       *
ERROR at line 1:
ORA-00942: table or view does not exist


SQL> SQL> 
PL/SQL procedure successfully completed.

SQL> select object_id from orasup_t2_729722000 where object_id=:v_obj_id
                      *
ERROR at line 1:
ORA-00942: table or view does not exist


SQL> 
PL/SQL procedure successfully completed.

SQL> 
PL/SQL procedure successfully completed.

SQL> select object_id from orasup_t2_316599000 where object_id=:v_obj_id
                      *
ERROR at line 1:
ORA-00942: table or view does not exist


SQL> select object_id from orasup_t2_729722000 where object_id=:v_obj_id
                      *
ERROR at line 1:
ORA-00942: table or view does not exist


SQL> 
PL/SQL procedure successfully completed.

SQL> 
PL/SQL procedure successfully completed.

SQL> select object_id from orasup_t2_316599000 where object_id=:v_obj_id
                      *
ERROR at line 1:
ORA-00942: table or view does not exist


SQL> select object_id from orasup_t2_729722000 where object_id=:v_obj_id
                      *
ERROR at line 1:
ORA-00942: table or view does not exist


SQL> 
PL/SQL procedure successfully completed.

SQL> 
PL/SQL procedure successfully completed.

SQL> select object_id from orasup_t2_729722000 where object_id=:v_obj_id
                      *
ERROR at line 1:
ORA-00942: table or view does not exist


select object_id from orasup_t2_316599000 where object_id=:v_obj_id
                      *
ERROR at line 1:
ORA-00942: table or view does not exist


SQL> 
PL/SQL procedure successfully completed.

SQL> SQL> SQL> SQL> SQL>   2    3    4    5    6    7    8    9   10   11   12   13   14   15  select object_id from orasup_t2_316599000 where object_id=:v_obj_id
                      *
ERROR at line 1:
ORA-00942: table or view does not exist


SQL> SQL> SQL> SQL>   2    3    4    5    6    7    8    9   10   11   12   13   14   15  update orasup_t2_729722000 set object_id=object_id+round(DBMS_RANDOM.value(0,100),0) where object_id=:v_obj_id;
       *
ERROR at line 8:
ORA-06550: line 8, column 8:
PL/SQL: ORA-00942: table or view does not exist
ORA-06550: line 8, column 1:
PL/SQL: SQL Statement ignored


SQL> SQL> SQL> SQL> Disconnected from Oracle Database 10g Enterprise Edition Release 10.2.0.5.0 - 64bit Production
With the Partitioning, Oracle Label Security, OLAP, Data Mining Scoring Engine
and Real Application Testing options
update orasup_t2_316599000 set object_id=object_id+round(DBMS_RANDOM.value(0,100),0) where object_id=:v_obj_id;
       *
ERROR at line 8:
ORA-06550: line 8, column 8:
PL/SQL: ORA-00942: table or view does not exist
ORA-06550: line 8, column 1:
PL/SQL: SQL Statement ignored


SQL> SQL> SQL> SQL> Disconnected from Oracle Database 10g Enterprise Edition Release 10.2.0.5.0 - 64bit Production
With the Partitioning, Oracle Label Security, OLAP, Data Mining Scoring Engine
and Real Application Testing options

SQL*Plus: Release 10.2.0.5.0 - Production on Tue Sep 30 18:23:49 2014

Copyright (c) 1982, 2010, Oracle.  All Rights Reserved.


SQL*Plus: Release 10.2.0.5.0 - Production on Tue Sep 30 18:23:49 2014

Copyright (c) 1982, 2010, Oracle.  All Rights Reserved.


Connected to:
Oracle Database 10g Enterprise Edition Release 10.2.0.5.0 - 64bit Production
With the Partitioning, Oracle Label Security, OLAP, Data Mining Scoring Engine
and Real Application Testing options

SQL> SQL> SQL> 
Connected to:
Oracle Database 10g Enterprise Edition Release 10.2.0.5.0 - 64bit Production
With the Partitioning, Oracle Label Security, OLAP, Data Mining Scoring Engine
and Real Application Testing options

SQL> SQL> SQL> create table orasup_t2_895955000 as select * from dba_objects
                                                  *
ERROR at line 1:
ORA-01652: unable to extend temp segment by 8 in tablespace USERS


SQL> insert into orasup_t2_895955000 select * from orasup_t2_895955000
                                              *
ERROR at line 1:
ORA-00942: table or view does not exist


SQL> insert into orasup_t2_895955000 select * from orasup_t2_895955000
                                              *
ERROR at line 1:
ORA-00942: table or view does not exist


SQL> insert into orasup_t2_895955000 select * from orasup_t2_895955000
                                              *
ERROR at line 1:
ORA-00942: table or view does not exist


SQL> insert into orasup_t2_895955000 select * from orasup_t2_895955000
                                              *
ERROR at line 1:
ORA-00942: table or view does not exist


SQL> delete from orasup_t2_895955000 where rownum<=((select count(*) from orasup_t2_895955000)-500000)
            *
ERROR at line 1:
ORA-00942: table or view does not exist


SQL> 
Commit complete.

SQL> insert into orasup_t2_895955000 select * from orasup_t2_895955000 where rownum<=round(DBMS_RANDOM.value(0,400000),0)
                                              *
ERROR at line 1:
ORA-00942: table or view does not exist


SQL> 
Rollback complete.

SQL> delete from orasup_t2_895955000 where rownum<=round(DBMS_RANDOM.value(0,400000),0)
            *
ERROR at line 1:
ORA-00942: table or view does not exist


SQL> 
Rollback complete.

SQL> update orasup_t2_895955000 set object_id=1 where rownum<=round(DBMS_RANDOM.value(0,400000),0)
       *
ERROR at line 1:
ORA-00942: table or view does not exist


SQL> 
Rollback complete.

SQL> update orasup_t2_895955000 set object_id=rownum
       *
ERROR at line 1:
ORA-00942: table or view does not exist


SQL> 
Commit complete.

SQL> create index idx_t2 on orasup_t2_895955000(object_id)
                       *
ERROR at line 1:
ORA-00942: table or view does not exist


SQL> SQL> 
PL/SQL procedure successfully completed.

SQL> select object_id from orasup_t2_895955000 where object_id=:v_obj_id
                      *
ERROR at line 1:
ORA-00942: table or view does not exist


SQL> 
PL/SQL procedure successfully completed.

SQL> select object_id from orasup_t2_895955000 where object_id=:v_obj_id
                      *
ERROR at line 1:
ORA-00942: table or view does not exist


SQL> 
PL/SQL procedure successfully completed.

SQL> select object_id from orasup_t2_895955000 where object_id=:v_obj_id
                      *
ERROR at line 1:
ORA-00942: table or view does not exist


SQL> 
PL/SQL procedure successfully completed.

SQL> select object_id from orasup_t2_895955000 where object_id=:v_obj_id
                      *
ERROR at line 1:
ORA-00942: table or view does not exist


SQL> SQL> SQL> SQL>   2    3    4    5    6    7    8    9   10   11   12   13   14   15  update orasup_t2_895955000 set object_id=object_id+round(DBMS_RANDOM.value(0,100),0) where object_id=:v_obj_id;
       *
ERROR at line 8:
ORA-06550: line 8, column 8:
PL/SQL: ORA-00942: table or view does not exist
ORA-06550: line 8, column 1:
PL/SQL: SQL Statement ignored


SQL> SQL> SQL> SQL> Disconnected from Oracle Database 10g Enterprise Edition Release 10.2.0.5.0 - 64bit Production
With the Partitioning, Oracle Label Security, OLAP, Data Mining Scoring Engine
and Real Application Testing options

PL/SQL procedure successfully completed.

SQL> drop table orasup_t2_729722000
           *
ERROR at line 1:
ORA-00942: table or view does not exist


SQL> 
PL/SQL procedure successfully completed.

SQL> create table orasup_t2_729722000 as select * from dba_objects
                                                  *
ERROR at line 1:
ORA-01652: unable to extend temp segment by 8 in tablespace USERS


SQL> insert into orasup_t2_729722000 select * from orasup_t2_729722000
                                              *
ERROR at line 1:
ORA-00942: table or view does not exist


SQL> insert into orasup_t2_729722000 select * from orasup_t2_729722000
                                              *
ERROR at line 1:
ORA-00942: table or view does not exist


SQL> insert into orasup_t2_729722000 select * from orasup_t2_729722000
                                              *
ERROR at line 1:
ORA-00942: table or view does not exist


SQL> insert into orasup_t2_729722000 select * from orasup_t2_729722000
                                              *
ERROR at line 1:
ORA-00942: table or view does not exist


SQL> delete from orasup_t2_729722000 where rownum<=((select count(*) from orasup_t2_729722000)-500000)
            *
ERROR at line 1:
ORA-00942: table or view does not exist


SQL> 
Commit complete.

SQL> insert into orasup_t2_729722000 select * from orasup_t2_729722000 where rownum<=round(DBMS_RANDOM.value(0,400000),0)
                                              *
ERROR at line 1:
ORA-00942: table or view does not exist


SQL> 
Rollback complete.

SQL> delete from orasup_t2_729722000 where rownum<=round(DBMS_RANDOM.value(0,400000),0)
            *
ERROR at line 1:
ORA-00942: table or view does not exist


SQL> 
Rollback complete.

SQL> update orasup_t2_729722000 set object_id=1 where rownum<=round(DBMS_RANDOM.value(0,400000),0)
       *
ERROR at line 1:
ORA-00942: table or view does not exist


SQL> 
Rollback complete.

SQL> update orasup_t2_729722000 set object_id=rownum
       *
ERROR at line 1:
ORA-00942: table or view does not exist


SQL> 
Commit complete.

SQL> create index idx_t2 on orasup_t2_729722000(object_id)
                       *
ERROR at line 1:
ORA-00942: table or view does not exist


SQL> SQL> 
PL/SQL procedure successfully completed.

SQL> select object_id from orasup_t2_729722000 where object_id=:v_obj_id
                      *
ERROR at line 1:
ORA-00942: table or view does not exist


SQL> 
PL/SQL procedure successfully completed.

SQL> select object_id from orasup_t2_729722000 where object_id=:v_obj_id
                      *
ERROR at line 1:
ORA-00942: table or view does not exist


SQL> 
PL/SQL procedure successfully completed.

SQL> select object_id from orasup_t2_729722000 where object_id=:v_obj_id
                      *
ERROR at line 1:
ORA-00942: table or view does not exist


SQL> 
PL/SQL procedure successfully completed.

SQL> select object_id from orasup_t2_729722000 where object_id=:v_obj_id
                      *
ERROR at line 1:
ORA-00942: table or view does not exist


SQL> SQL> SQL> SQL>   2    3    4    5    6    7    8    9   10   11   12   13   14   15  update orasup_t2_729722000 set object_id=object_id+round(DBMS_RANDOM.value(0,100),0) where object_id=:v_obj_id;
       *
ERROR at line 8:
ORA-06550: line 8, column 8:
PL/SQL: ORA-00942: table or view does not exist
ORA-06550: line 8, column 1:
PL/SQL: SQL Statement ignored


SQL> SQL> SQL> SQL> Disconnected from Oracle Database 10g Enterprise Edition Release 10.2.0.5.0 - 64bit Production
With the Partitioning, Oracle Label Security, OLAP, Data Mining Scoring Engine
and Real Application Testing options
drop table orasup_t2_316599000
           *
ERROR at line 1:
ORA-00942: table or view does not exist


SQL> create table orasup_t2_316599000 as select * from dba_objects
                                                  *
ERROR at line 1:
ORA-01658: unable to create INITIAL extent for segment in tablespace USERS


SQL> insert into orasup_t2_316599000 select * from orasup_t2_316599000
                                              *
ERROR at line 1:
ORA-00942: table or view does not exist


SQL> insert into orasup_t2_316599000 select * from orasup_t2_316599000
                                              *
ERROR at line 1:
ORA-00942: table or view does not exist


SQL> insert into orasup_t2_316599000 select * from orasup_t2_316599000
                                              *
ERROR at line 1:
ORA-00942: table or view does not exist


SQL> insert into orasup_t2_316599000 select * from orasup_t2_316599000
                                              *
ERROR at line 1:
ORA-00942: table or view does not exist


SQL> delete from orasup_t2_316599000 where rownum<=((select count(*) from orasup_t2_316599000)-500000)
            *
ERROR at line 1:
ORA-00942: table or view does not exist


SQL> 
Commit complete.

SQL> insert into orasup_t2_316599000 select * from orasup_t2_316599000 where rownum<=round(DBMS_RANDOM.value(0,400000),0)
                                              *
ERROR at line 1:
ORA-00942: table or view does not exist


SQL> 
Rollback complete.

SQL> delete from orasup_t2_316599000 where rownum<=round(DBMS_RANDOM.value(0,400000),0)
            *
ERROR at line 1:
ORA-00942: table or view does not exist


SQL> 
Rollback complete.

SQL> update orasup_t2_316599000 set object_id=1 where rownum<=round(DBMS_RANDOM.value(0,400000),0)
       *
ERROR at line 1:
ORA-00942: table or view does not exist


SQL> 
Rollback complete.

SQL> update orasup_t2_316599000 set object_id=rownum
       *
ERROR at line 1:
ORA-00942: table or view does not exist


SQL> 
Commit complete.

SQL> create index idx_t2 on orasup_t2_316599000(object_id)
                       *
ERROR at line 1:
ORA-00942: table or view does not exist


SQL> SQL> 
PL/SQL procedure successfully completed.

SQL> select object_id from orasup_t2_316599000 where object_id=:v_obj_id
                      *
ERROR at line 1:
ORA-00942: table or view does not exist


SQL> 
PL/SQL procedure successfully completed.

SQL> select object_id from orasup_t2_316599000 where object_id=:v_obj_id
                      *
ERROR at line 1:
ORA-00942: table or view does not exist


SQL> 
PL/SQL procedure successfully completed.

SQL> select object_id from orasup_t2_316599000 where object_id=:v_obj_id
                      *
ERROR at line 1:
ORA-00942: table or view does not exist


SQL> 
PL/SQL procedure successfully completed.

SQL> select object_id from orasup_t2_316599000 where object_id=:v_obj_id
                      *
ERROR at line 1:
ORA-00942: table or view does not exist


SQL> SQL> SQL> SQL>   2    3    4    5    6    7    8    9   10   11   12   13   14   15  update orasup_t2_316599000 set object_id=object_id+round(DBMS_RANDOM.value(0,100),0) where object_id=:v_obj_id;
       *
ERROR at line 8:
ORA-06550: line 8, column 8:
PL/SQL: ORA-00942: table or view does not exist
ORA-06550: line 8, column 1:
PL/SQL: SQL Statement ignored


SQL> SQL> SQL> SQL> Disconnected from Oracle Database 10g Enterprise Edition Release 10.2.0.5.0 - 64bit Production
With the Partitioning, Oracle Label Security, OLAP, Data Mining Scoring Engine
and Real Application Testing options
create table orasup_t2_222999000 as select * from dba_objects
                                                  *
ERROR at line 1:
ORA-01652: unable to extend temp segment by 128 in tablespace USERS


SQL> insert into orasup_t2_222999000 select * from orasup_t2_222999000
                                              *
ERROR at line 1:
ORA-00942: table or view does not exist


SQL> insert into orasup_t2_222999000 select * from orasup_t2_222999000
                                              *
ERROR at line 1:
ORA-00942: table or view does not exist


SQL> insert into orasup_t2_222999000 select * from orasup_t2_222999000
                                              *
ERROR at line 1:
ORA-00942: table or view does not exist


SQL> insert into orasup_t2_222999000 select * from orasup_t2_222999000
                                              *
ERROR at line 1:
ORA-00942: table or view does not exist


SQL> delete from orasup_t2_222999000 where rownum<=((select count(*) from orasup_t2_222999000)-500000)
            *
ERROR at line 1:
ORA-00942: table or view does not exist


SQL> 
Commit complete.

SQL> insert into orasup_t2_222999000 select * from orasup_t2_222999000 where rownum<=round(DBMS_RANDOM.value(0,400000),0)
                                              *
ERROR at line 1:
ORA-00942: table or view does not exist


SQL> 
Rollback complete.

SQL> delete from orasup_t2_222999000 where rownum<=round(DBMS_RANDOM.value(0,400000),0)
            *
ERROR at line 1:
ORA-00942: table or view does not exist


SQL> 
Rollback complete.

SQL> update orasup_t2_222999000 set object_id=1 where rownum<=round(DBMS_RANDOM.value(0,400000),0)
       *
ERROR at line 1:
ORA-00942: table or view does not exist


SQL> 
Rollback complete.

SQL> update orasup_t2_222999000 set object_id=rownum
       *
ERROR at line 1:
ORA-00942: table or view does not exist


SQL> 
Commit complete.

SQL> create index idx_t2 on orasup_t2_222999000(object_id)
                       *
ERROR at line 1:
ORA-00942: table or view does not exist


SQL> SQL> 
PL/SQL procedure successfully completed.

SQL> select object_id from orasup_t2_222999000 where object_id=:v_obj_id
                      *
ERROR at line 1:
ORA-00942: table or view does not exist


SQL> 
PL/SQL procedure successfully completed.

SQL> select object_id from orasup_t2_222999000 where object_id=:v_obj_id
                      *
ERROR at line 1:
ORA-00942: table or view does not exist


SQL> 
PL/SQL procedure successfully completed.

SQL> select object_id from orasup_t2_222999000 where object_id=:v_obj_id
                      *
ERROR at line 1:
ORA-00942: table or view does not exist


SQL> 
PL/SQL procedure successfully completed.

SQL> select object_id from orasup_t2_222999000 where object_id=:v_obj_id
                      *
ERROR at line 1:
ORA-00942: table or view does not exist


SQL> SQL> SQL> SQL>   2    3    4    5    6    7    8    9   10   11   12   13   14   15  update orasup_t2_222999000 set object_id=object_id+round(DBMS_RANDOM.value(0,100),0) where object_id=:v_obj_id;
       *
ERROR at line 8:
ORA-06550: line 8, column 8:
PL/SQL: ORA-00942: table or view does not exist
ORA-06550: line 8, column 1:
PL/SQL: SQL Statement ignored


SQL> SQL> SQL> SQL> Disconnected from Oracle Database 10g Enterprise Edition Release 10.2.0.5.0 - 64bit Production
With the Partitioning, Oracle Label Security, OLAP, Data Mining Scoring Engine
and Real Application Testing options
delete from orasup_t2_544238000 where rownum<=round(DBMS_RANDOM.value(0,400000),0)
            *
ERROR at line 1:
ORA-30036: unable to extend segment by 8 in undo tablespace 'UNDOTBS1'


SQL> 
Rollback complete.

SQL> ERROR:
ORA-03114: not connected to ORACLE


delete from orasup_t2_703549000 where rownum<=round(DBMS_RANDOM.value(0,400000),0)
            *
ERROR at line 1:
ORA-00028: your session has been killed


SQL> ERROR:
ORA-03114: not connected to ORACLE


SQL> ERROR:
ORA-03114: not connected to ORACLE


SQL> ERROR:
ORA-03114: not connected to ORACLE


SQL> ERROR:
ORA-03114: not connected to ORACLE


SQL> ERROR:
ORA-03114: not connected to ORACLE


SQL> ERROR:
ORA-03114: not connected to ORACLE


SQL> SQL> ERROR:
ORA-03114: not connected to ORACLE


SQL> ERROR:
ORA-03114: not connected to ORACLE


ERROR:
ORA-03114: not connected to ORACLE


SQL> ERROR:
ORA-03114: not connected to ORACLE


SQL> ERROR:
ORA-03114: not connected to ORACLE


ERROR:
ORA-03114: not connected to ORACLE


SQL> ERROR:
ORA-03114: not connected to ORACLE


SQL> ERROR:
ORA-03114: not connected to ORACLE


ERROR:
ORA-03114: not connected to ORACLE


SQL> ERROR:
ORA-03114: not connected to ORACLE


SQL> ERROR:
ORA-03114: not connected to ORACLE


ERROR:
ORA-03114: not connected to ORACLE


SQL> SQL> SQL> SQL>   2    3    4    5    6    7    8    9   10   11   12   13   14   15  ERROR:
ORA-03114: not connected to ORACLE


SQL> SQL> SQL> SQL> Disconnected from Oracle Database 10g Enterprise Edition Release 10.2.0.5.0 - 64bit Production
With the Partitioning, Oracle Label Security, OLAP, Data Mining Scoring Engine
and Real Application Testing options
ERROR:
ORA-03114: not connected to ORACLE


update orasup_t2_862035000 set object_id=rownum
       *
ERROR at line 1:
ORA-00028: your session has been killed


SQL> ERROR:
ORA-03114: not connected to ORACLE


SQL> ERROR:
ORA-03114: not connected to ORACLE


SQL> SQL> ERROR:
ORA-03114: not connected to ORACLE


SQL> ERROR:
ORA-03114: not connected to ORACLE


ERROR:
ORA-03114: not connected to ORACLE


SQL> ERROR:
ORA-03114: not connected to ORACLE


SQL> ERROR:
ORA-03114: not connected to ORACLE


ERROR:
ORA-03114: not connected to ORACLE


SQL> ERROR:
ORA-03114: not connected to ORACLE


SQL> ERROR:
ORA-03114: not connected to ORACLE


ERROR:
ORA-03114: not connected to ORACLE


SQL> ERROR:
ORA-03114: not connected to ORACLE


SQL> ERROR:
ORA-03114: not connected to ORACLE


ERROR:
ORA-03114: not connected to ORACLE


SQL> SQL> SQL> SQL>   2    3    4    5    6    7    8    9   10   11   12   13   14   15  ERROR:
ORA-03114: not connected to ORACLE


SQL> SQL> SQL> SQL> Disconnected from Oracle Database 10g Enterprise Edition Release 10.2.0.5.0 - 64bit Production
With the Partitioning, Oracle Label Security, OLAP, Data Mining Scoring Engine
and Real Application Testing options
ERROR:
ORA-03114: not connected to ORACLE


update orasup_t2_544238000 set object_id=1 where rownum<=round(DBMS_RANDOM.value(0,400000),0)
       *
ERROR at line 1:
ORA-00028: your session has been killed


SQL> ERROR:
ORA-03114: not connected to ORACLE


SQL> ERROR:
ORA-03114: not connected to ORACLE


SQL> ERROR:
ORA-03114: not connected to ORACLE


SQL> ERROR:
ORA-03114: not connected to ORACLE


SQL> SQL> ERROR:
ORA-03114: not connected to ORACLE


SQL> ERROR:
ORA-03114: not connected to ORACLE


ERROR:
ORA-03114: not connected to ORACLE


SQL> ERROR:
ORA-03114: not connected to ORACLE


SQL> ERROR:
ORA-03114: not connected to ORACLE


ERROR:
ORA-03114: not connected to ORACLE


SQL> ERROR:
ORA-03114: not connected to ORACLE


SQL> ERROR:
ORA-03114: not connected to ORACLE


ERROR:
ORA-03114: not connected to ORACLE


SQL> ERROR:
ORA-03114: not connected to ORACLE


SQL> ERROR:
ORA-03114: not connected to ORACLE


ERROR:
ORA-03114: not connected to ORACLE


SQL> SQL> SQL> SQL>   2    3    4    5    6    7    8    9   10   11   12   13   14   15  ERROR:
ORA-03114: not connected to ORACLE


SQL> SQL> SQL> SQL> Disconnected from Oracle Database 10g Enterprise Edition Release 10.2.0.5.0 - 64bit Production
With the Partitioning, Oracle Label Security, OLAP, Data Mining Scoring Engine
and Real Application Testing options
ERROR:
ORA-03114: not connected to ORACLE


delete from orasup_t2_805021000 where rownum<=round(DBMS_RANDOM.value(0,400000),0)
            *
ERROR at line 1:
ORA-00028: your session has been killed


SQL> ERROR:
ORA-03114: not connected to ORACLE


SQL> ERROR:
ORA-03114: not connected to ORACLE


SQL> ERROR:
ORA-03114: not connected to ORACLE


SQL> ERROR:
ORA-03114: not connected to ORACLE


SQL> ERROR:
ORA-03114: not connected to ORACLE


SQL> ERROR:
ORA-03114: not connected to ORACLE


SQL> SQL> ERROR:
ORA-03114: not connected to ORACLE


SQL> ERROR:
ORA-03114: not connected to ORACLE


ERROR:
ORA-03114: not connected to ORACLE


SQL> ERROR:
ORA-03114: not connected to ORACLE


SQL> ERROR:
ORA-03114: not connected to ORACLE


ERROR:
ORA-03114: not connected to ORACLE


SQL> ERROR:
ORA-03114: not connected to ORACLE


SQL> ERROR:
ORA-03114: not connected to ORACLE


ERROR:
ORA-03114: not connected to ORACLE


SQL> ERROR:
ORA-03114: not connected to ORACLE


SQL> ERROR:
ORA-03114: not connected to ORACLE


ERROR:
ORA-03114: not connected to ORACLE


SQL> SQL> SQL> SQL>   2    3    4    5    6    7    8    9   10   11   12   13   14   15  ERROR:
ORA-03114: not connected to ORACLE


SQL> SQL> SQL> SQL> Disconnected from Oracle Database 10g Enterprise Edition Release 10.2.0.5.0 - 64bit Production
With the Partitioning, Oracle Label Security, OLAP, Data Mining Scoring Engine
and Real Application Testing options
ERROR:
ORA-03114: not connected to ORACLE


delete from orasup_t2_649569000 where rownum<=round(DBMS_RANDOM.value(0,400000),0)
            *
ERROR at line 1:
ORA-00028: your session has been killed


SQL> ERROR:
ORA-03114: not connected to ORACLE


SQL> ERROR:
ORA-03114: not connected to ORACLE


SQL> ERROR:
ORA-03114: not connected to ORACLE


SQL> ERROR:
ORA-03114: not connected to ORACLE


SQL> ERROR:
ORA-03114: not connected to ORACLE


SQL> ERROR:
ORA-03114: not connected to ORACLE


SQL> SQL> ERROR:
ORA-03114: not connected to ORACLE


SQL> ERROR:
ORA-03114: not connected to ORACLE


ERROR:
ORA-03114: not connected to ORACLE


SQL> ERROR:
ORA-03114: not connected to ORACLE


SQL> ERROR:
ORA-03114: not connected to ORACLE


ERROR:
ORA-03114: not connected to ORACLE


SQL> ERROR:
ORA-03114: not connected to ORACLE


SQL> ERROR:
ORA-03114: not connected to ORACLE


ERROR:
ORA-03114: not connected to ORACLE


SQL> ERROR:
ORA-03114: not connected to ORACLE


SQL> ERROR:
ORA-03114: not connected to ORACLE


ERROR:
ORA-03114: not connected to ORACLE


SQL> SQL> SQL> SQL>   2    3    4    5    6    7    8    9   10   11   12   13   14   15  ERROR:
ORA-03114: not connected to ORACLE


SQL> SQL> SQL> SQL> Disconnected from Oracle Database 10g Enterprise Edition Release 10.2.0.5.0 - 64bit Production
With the Partitioning, Oracle Label Security, OLAP, Data Mining Scoring Engine
and Real Application Testing options
